Component: ARM Compiler 5.06 update 5 (build 528) Tool: armlink [4d35e2]

==============================================================================

Section Cross References

    startup_stm32f407xx.o(STACK) refers (Special) to heapauxi.o(.text) for __use_two_region_memory
    startup_stm32f407xx.o(HEAP) refers (Special) to heapauxi.o(.text) for __use_two_region_memory
    startup_stm32f407xx.o(RESET) refers (Special) to heapauxi.o(.text) for __use_two_region_memory
    startup_stm32f407xx.o(RESET) refers to startup_stm32f407xx.o(STACK) for __initial_sp
    startup_stm32f407xx.o(RESET) refers to startup_stm32f407xx.o(.text) for Reset_Handler
    startup_stm32f407xx.o(RESET) refers to stm32f4xx_it.o(i.NMI_Handler) for NMI_Handler
    startup_stm32f407xx.o(RESET) refers to stm32f4xx_it.o(i.HardFault_Handler) for HardFault_Handler
    startup_stm32f407xx.o(RESET) refers to stm32f4xx_it.o(i.MemManage_Handler) for MemManage_Handler
    startup_stm32f407xx.o(RESET) refers to stm32f4xx_it.o(i.BusFault_Handler) for BusFault_Handler
    startup_stm32f407xx.o(RESET) refers to stm32f4xx_it.o(i.UsageFault_Handler) for UsageFault_Handler
    startup_stm32f407xx.o(RESET) refers to stm32f4xx_it.o(i.SVC_Handler) for SVC_Handler
    startup_stm32f407xx.o(RESET) refers to stm32f4xx_it.o(i.DebugMon_Handler) for DebugMon_Handler
    startup_stm32f407xx.o(RESET) refers to stm32f4xx_it.o(i.PendSV_Handler) for PendSV_Handler
    startup_stm32f407xx.o(RESET) refers to stm32f4xx_it.o(i.SysTick_Handler) for SysTick_Handler
    startup_stm32f407xx.o(RESET) refers to stm32f4xx_it.o(i.I2C1_EV_IRQHandler) for I2C1_EV_IRQHandler
    startup_stm32f407xx.o(RESET) refers to stm32f4xx_it.o(i.I2C1_ER_IRQHandler) for I2C1_ER_IRQHandler
    startup_stm32f407xx.o(RESET) refers to stm32f4xx_it.o(i.USART1_IRQHandler) for USART1_IRQHandler
    startup_stm32f407xx.o(.text) refers (Special) to heapauxi.o(.text) for __use_two_region_memory
    startup_stm32f407xx.o(.text) refers to system_stm32f4xx.o(i.SystemInit) for SystemInit
    startup_stm32f407xx.o(.text) refers to __main.o(!!!main) for __main
    startup_stm32f407xx.o(.text) refers to startup_stm32f407xx.o(HEAP) for Heap_Mem
    startup_stm32f407xx.o(.text) refers to startup_stm32f407xx.o(STACK) for Stack_Mem
    main.o(i.MX_GPIO_Init) refers to rt_memclr_w.o(.text) for __aeabi_memclr4
    main.o(i.MX_GPIO_Init) refers to stm32f4xx_hal_gpio.o(i.HAL_GPIO_WritePin) for HAL_GPIO_WritePin
    main.o(i.MX_GPIO_Init) refers to stm32f4xx_hal_gpio.o(i.HAL_GPIO_Init) for HAL_GPIO_Init
    main.o(i.SystemClock_Config) refers to rt_memclr_w.o(.text) for __aeabi_memclr4
    main.o(i.SystemClock_Config) refers to stm32f4xx_hal_rcc.o(i.HAL_RCC_OscConfig) for HAL_RCC_OscConfig
    main.o(i.SystemClock_Config) refers to stm32f4xx_hal_rcc.o(i.HAL_RCC_ClockConfig) for HAL_RCC_ClockConfig
    main.o(i.main) refers to stm32f4xx_hal.o(i.HAL_Init) for HAL_Init
    main.o(i.main) refers to main.o(i.SystemClock_Config) for SystemClock_Config
    main.o(i.main) refers to main.o(i.MX_GPIO_Init) for MX_GPIO_Init
    main.o(i.main) refers to stm32f4xx_hal_uart.o(i.HAL_UART_Init) for HAL_UART_Init
    main.o(i.main) refers to stm32f4xx_hal_i2c.o(i.HAL_I2C_Init) for HAL_I2C_Init
    main.o(i.main) refers to rt_memclr_w.o(.text) for __aeabi_memclr4
    main.o(i.main) refers to stm32f4xx_hal_gpio.o(i.HAL_GPIO_Init) for HAL_GPIO_Init
    main.o(i.main) refers to oled.o(i.OLED_Init) for OLED_Init
    main.o(i.main) refers to oled.o(i.OLED_Clear) for OLED_Clear
    main.o(i.main) refers to oled.o(i.OLED_Refresh) for OLED_Refresh
    main.o(i.main) refers to oled.o(i.OLED_ShowString) for OLED_ShowString
    main.o(i.main) refers to stm32f4xx_hal.o(i.HAL_Delay) for HAL_Delay
    main.o(i.main) refers to bootloader.o(i.Bootloader_Init) for Bootloader_Init
    main.o(i.main) refers to stm32f4xx_hal_gpio.o(i.HAL_GPIO_ReadPin) for HAL_GPIO_ReadPin
    main.o(i.main) refers to bootloader.o(i.Bootloader_SendResponse) for Bootloader_SendResponse
    main.o(i.main) refers to display_ota.o(i.Display_OTA_Init) for Display_OTA_Init
    main.o(i.main) refers to display_ota.o(i.Display_OTA_ShowMain) for Display_OTA_ShowMain
    main.o(i.main) refers to display_ota.o(i.Display_OTA_SetState) for Display_OTA_SetState
    main.o(i.main) refers to bootloader.o(i.Bootloader_Run) for Bootloader_Run
    main.o(i.main) refers to bootloader.o(i.Bootloader_ShouldEnter) for Bootloader_ShouldEnter
    main.o(i.main) refers to bootloader.o(i.Bootloader_ShouldRollback) for Bootloader_ShouldRollback
    main.o(i.main) refers to bootloader.o(i.Bootloader_SwitchPartition) for Bootloader_SwitchPartition
    main.o(i.main) refers to bootloader.o(i.Bootloader_ClearRollbackFlag) for Bootloader_ClearRollbackFlag
    main.o(i.main) refers to bootloader.o(i.Bootloader_JumpToApp) for Bootloader_JumpToApp
    main.o(i.main) refers to stm32f4xx_hal_gpio.o(i.HAL_GPIO_TogglePin) for HAL_GPIO_TogglePin
    main.o(i.main) refers to main.o(.bss) for .bss
[...]
    i.HAL_IncTick                            0x08003690   Section        0  stm32f4xx_hal.o(i.HAL_IncTick)
    i.HAL_Init                               0x080036a0   Section        0  stm32f4xx_hal.o(i.HAL_Init)
    i.HAL_InitTick                           0x080036d4   Section        0  stm32f4xx_hal.o(i.HAL_InitTick)
    i.HAL_MspInit                            0x08003714   Section        0  stm32f4xx_hal_msp.o(i.HAL_MspInit)
    i.HAL_NVIC_DisableIRQ                    0x08003744   Section        0  stm32f4xx_hal_cortex.o(i.HAL_NVIC_DisableIRQ)
    i.HAL_NVIC_EnableIRQ                     0x08003766   Section        0  stm32f4xx_hal_cortex.o(i.HAL_NVIC_EnableIRQ)
    i.HAL_NVIC_SetPriority                   0x08003780   Section        0  stm32f4xx_hal_cortex.o(i.HAL_NVIC_SetPriority)
    i.HAL_NVIC_SetPriorityGrouping           0x080037c0   Section        0  stm32f4xx_hal_cortex.o(i.HAL_NVIC_SetPriorityGrouping)
    i.HAL_RCC_ClockConfig                    0x080037e4   Section        0  stm32f4xx_hal_rcc.o(i.HAL_RCC_ClockConfig)
    i.HAL_RCC_GetPCLK1Freq                   0x08003918   Section        0  stm32f4xx_hal_rcc.o(i.HAL_RCC_GetPCLK1Freq)
    i.HAL_RCC_GetPCLK2Freq                   0x08003938   Section        0  stm32f4xx_hal_rcc.o(i.HAL_RCC_GetPCLK2Freq)
    i.HAL_RCC_GetSysClockFreq                0x08003958   Section        0  stm32f4xx_hal_rcc.o(i.HAL_RCC_GetSysClockFreq)
    i.HAL_RCC_OscConfig                      0x080039b8   Section        0  stm32f4xx_hal_rcc.o(i.HAL_RCC_OscConfig)
    i.HAL_SYSTICK_Config                     0x08003d24   Section        0  stm32f4xx_hal_cortex.o(i.HAL_SYSTICK_Config)
    i.HAL_UARTEx_RxEventCallback             0x08003d4c   Section        0  stm32f4xx_hal_uart.o(i.HAL_UARTEx_RxEventCallback)
    i.HAL_UART_DeInit                        0x08003d4e   Section        0  stm32f4xx_hal_uart.o(i.HAL_UART_DeInit)
    i.HAL_UART_ErrorCallback                 0x08003d84   Section        0  stm32f4xx_hal_uart.o(i.HAL_UART_ErrorCallback)
    i.HAL_UART_IRQHandler                    0x08003d88   Section        0  stm32f4xx_hal_uart.o(i.HAL_UART_IRQHandler)
    i.HAL_UART_Init                          0x08004008   Section        0  stm32f4xx_hal_uart.o(i.HAL_UART_Init)
    i.HAL_UART_MspDeInit                     0x0800406c   Section        0  stm32f4xx_hal_msp.o(i.HAL_UART_MspDeInit)
    i.HAL_UART_MspInit                       0x080040a4   Section        0  stm32f4xx_hal_msp.o(i.HAL_UART_MspInit)
    i.HAL_UART_Receive_IT                    0x08004120   Section        0  stm32f4xx_hal_uart.o(i.HAL_UART_Receive_IT)
    i.HAL_UART_RxCpltCallback                0x0800413c   Section        0  bootloader.o(i.HAL_UART_RxCpltCallback)
    i.HAL_UART_Transmit                      0x08004180   Section        0  stm32f4xx_hal_uart.o(i.HAL_UART_Transmit)
    i.HAL_UART_TxCpltCallback                0x08004220   Section        0  stm32f4xx_hal_uart.o(i.HAL_UART_TxCpltCallback)
    i.HardFault_Handler                      0x08004222   Section        0  stm32f4xx_it.o(i.HardFault_Handler)
    i.I2C1_ER_IRQHandler                     0x08004224   Section        0  stm32f4xx_it.o(i.I2C1_ER_IRQHandler)
    i.I2C1_EV_IRQHandler                     0x08004230   Section        0  stm32f4xx_it.o(i.I2C1_EV_IRQHandler)
    i.I2C_DMAAbort                           0x0800423c   Section        0  stm32f4xx_hal_i2c.o(i.I2C_DMAAbort)
    I2C_DMAAbort                             0x0800423d   Thumb Code   182  stm32f4xx_hal_i2c.o(i.I2C_DMAAbort)
    i.I2C_Flush_DR                           0x080042f8   Section        0  stm32f4xx_hal_i2c.o(i.I2C_Flush_DR)
    I2C_Flush_DR                             0x080042f9   Thumb Code    16  stm32f4xx_hal_i2c.o(i.I2C_Flush_DR)
    i.I2C_ITError                            0x08004308   Section        0  stm32f4xx_hal_i2c.o(i.I2C_ITError)
    I2C_ITError                              0x08004309   Thumb Code   336  stm32f4xx_hal_i2c.o(i.I2C_ITError)
    i.I2C_IsAcknowledgeFailed                0x08004460   Section        0  stm32f4xx_hal_i2c.o(i.I2C_IsAcknowledgeFailed)
    I2C_IsAcknowledgeFailed                  0x08004461   Thumb Code    46  stm32f4xx_hal_i2c.o(i.I2C_IsAcknowledgeFailed)
    i.I2C_MasterReceive_BTF                  0x0800448e   Section        0  stm32f4xx_hal_i2c.o(i.I2C_MasterReceive_BTF)
    I2C_MasterReceive_BTF                    0x0800448f   Thumb Code   218  stm32f4xx_hal_i2c.o(i.I2C_MasterReceive_BTF)
    i.I2C_MasterReceive_RXNE                 0x08004568   Section        0  stm32f4xx_hal_i2c.o(i.I2C_MasterReceive_RXNE)
    I2C_MasterReceive_RXNE                   0x08004569   Thumb Code   238  stm32f4xx_hal_i2c.o(i.I2C_MasterReceive_RXNE)
    i.I2C_MasterRequestWrite                 0x0800465c   Section        0  stm32f4xx_hal_i2c.o(i.I2C_MasterRequestWrite)
    I2C_MasterRequestWrite                   0x0800465d   Thumb Code   150  stm32f4xx_hal_i2c.o(i.I2C_MasterRequestWrite)
    i.I2C_MasterTransmit_BTF                 0x080046f8   Section        0  stm32f4xx_hal_i2c.o(i.I2C_MasterTransmit_BTF)
    I2C_MasterTransmit_BTF                   0x080046f9   Thumb Code   130  stm32f4xx_hal_i2c.o(i.I2C_MasterTransmit_BTF)
    i.I2C_MasterTransmit_TXE                 0x0800477c   Section        0  stm32f4xx_hal_i2c.o(i.I2C_MasterTransmit_TXE)
    I2C_MasterTransmit_TXE                   0x0800477d   Thumb Code   182  stm32f4xx_hal_i2c.o(i.I2C_MasterTransmit_TXE)
    i.I2C_Master_ADDR                        0x08004834   Section        0  stm32f4xx_hal_i2c.o(i.I2C_Master_ADDR)
    I2C_Master_ADDR                          0x08004835   Thumb Code   276  stm32f4xx_hal_i2c.o(i.I2C_Master_ADDR)
    i.I2C_Master_SB                          0x0800494c   Section        0  stm32f4xx_hal_i2c.o(i.I2C_Master_SB)
    I2C_Master_SB                            0x0800494d   Thumb Code   140  stm32f4xx_hal_i2c.o(i.I2C_Master_SB)
    i.I2C_MemoryTransmit_TXE_BTF             0x080049d8   Section        0  stm32f4xx_hal_i2c.o(i.I2C_MemoryTransmit_TXE_BTF)
    I2C_MemoryTransmit_TXE_BTF               0x080049d9   Thumb Code   168  stm32f4xx_hal_i2c.o(i.I2C_MemoryTransmit_TXE_BTF)
    i.I2C_Slave_ADDR                         0x08004a80   Section        0  stm32f4xx_hal_i2c.o(i.I2C_Slave_ADDR)
    I2C_Slave_ADDR                           0x08004a81   Thumb Code    70  stm32f4xx_hal_i2c.o(i.I2C_Slave_ADDR)
    i.I2C_Slave_AF                           0x08004ac8   Section        0  stm32f4xx_hal_i2c.o(i.I2C_Slave_AF)
    I2C_Slave_AF                             0x08004ac9   Thumb Code   138  stm32f4xx_hal_i2c.o(i.I2C_Slave_AF)
    i.I2C_Slave_STOPF                        0x08004b58   Section        0  stm32f4xx_hal_i2c.o(i.I2C_Slave_STOPF)
    I2C_Slave_STOPF                          0x08004b59   Thumb Code   338  stm32f4xx_hal_i2c.o(i.I2C_Slave_STOPF)
    i.I2C_WaitOnBTFFlagUntilTimeout          0x08004cb4   Section        0  stm32f4xx_hal_i2c.o(i.I2C_WaitOnBTFFlagUntilTimeout)
    I2C_WaitOnBTFFlagUntilTimeout            0x08004cb5   Thumb Code    86  stm32f4xx_hal_i2c.o(i.I2C_WaitOnBTFFlagUntilTimeout)
    i.I2C_WaitOnFlagUntilTimeout             0x08004d0c   Section        0  stm32f4xx_hal_i2c.o(i.I2C_WaitOnFlagUntilTimeout)
    I2C_WaitOnFlagUntilTimeout               0x08004d0d   Thumb Code   144  stm32f4xx_hal_i2c.o(i.I2C_WaitOnFlagUntilTimeout)
    i.I2C_WaitOnMasterAddressFlagUntilTimeout 0x08004d9c   Section        0  stm32f4xx_hal_i2c.o(i.I2C_WaitOnMasterAddressFlagUntilTimeout)
    I2C_WaitOnMasterAddressFlagUntilTimeout  0x08004d9d   Thumb Code   188  stm32f4xx_hal_i2c.o(i.I2C_WaitOnMasterAddressFlagUntilTimeout)
    i.I2C_WaitOnTXEFlagUntilTimeout          0x08004e58   Section        0  stm32f4xx_hal_i2c.o(i.I2C_WaitOnTXEFlagUntilTimeout)
    I2C_WaitOnTXEFlagUntilTimeout            0x08004e59   Thumb Code    86  stm32f4xx_hal_i2c.o(i.I2C_WaitOnTXEFlagUntilTimeout)
    i.MX_GPIO_Init                           0x08004eb0   Section        0  main.o(i.MX_GPIO_Init)
    MX_GPIO_Init                             0x08004eb1   Thumb Code    98  main.o(i.MX_GPIO_Init)
    i.MemManage_Handler                      0x08004f1c   Section        0  stm32f4xx_it.o(i.MemManage_Handler)
    i.NMI_Handler                            0x08004f1e   Section        0  stm32f4xx_it.o(i.NMI_Handler)
    i.OLED_Clear                             0x08004f20   Section        0  oled.o(i.OLED_Clear)
    i.OLED_DrawLine                          0x08004f48   Section        0  oled.o(i.OLED_DrawLine)
    i.OLED_DrawPoint                         0x08004fe4   Section        0  oled.o(i.OLED_DrawPoint)
    i.OLED_Init                              0x08005010   Section        0  oled.o(i.OLED_Init)
    i.OLED_Refresh                           0x08005100   Section        0  oled.o(i.OLED_Refresh)
    i.OLED_ShowChar                          0x08005168   Section        0  oled.o(i.OLED_ShowChar)
    i.OLED_ShowString                        0x0800524c   Section        0  oled.o(i.OLED_ShowString)
    i.OLED_WR_Byte                           0x08005290   Section        0  oled.o(i.OLED_WR_Byte)
    i.PendSV_Handler                         0x080052b4   Section        0  stm32f4xx_it.o(i.PendSV_Handler)
    i.RunBootloaderTests                     0x080052b8   Section        0  test_bootloader_mcu.o(i.RunBootloaderTests)
    i.SVC_Handler                            0x08005648   Section        0  stm32f4xx_it.o(i.SVC_Handler)
    i.SysTick_Handler                        0x0800564a   Section        0  stm32f4xx_it.o(i.SysTick_Handler)
    i.SystemClock_Config                     0x08005650   Section        0  main.o(i.SystemClock_Config)
    i.SystemInit                             0x080056e8   Section        0  system_stm32f4xx.o(i.SystemInit)
    i.UART_DMAAbortOnError                   0x080056f8   Section        0  stm32f4xx_hal_uart.o(i.UART_DMAAbortOnError)
    UART_DMAAbortOnError                     0x080056f9   Thumb Code    14  stm32f4xx_hal_uart.o(i.UART_DMAAbortOnError)
    i.UART_EndRxTransfer                     0x08005706   Section        0  stm32f4xx_hal_uart.o(i.UART_EndRxTransfer)
    UART_EndRxTransfer                       0x08005707   Thumb Code    78  stm32f4xx_hal_uart.o(i.UART_EndRxTransfer)
    i.UART_Receive_IT                        0x08005754   Section        0  stm32f4xx_hal_uart.o(i.UART_Receive_IT)
    UART_Receive_IT                          0x08005755   Thumb Code   194  stm32f4xx_hal_uart.o(i.UART_Receive_IT)
    i.UART_SetConfig                         0x08005818   Section        0  stm32f4xx_hal_uart.o(i.UART_SetConfig)
    UART_SetConfig                           0x08005819   Thumb Code   258  stm32f4xx_hal_uart.o(i.UART_SetConfig)
    i.UART_Start_Receive_IT                  0x08005924   Section        0  stm32f4xx_hal_uart.o(i.UART_Start_Receive_IT)
    i.UART_WaitOnFlagUntilTimeout            0x0800595a   Section        0  stm32f4xx_hal_uart.o(i.UART_WaitOnFlagUntilTimeout)
    UART_WaitOnFlagUntilTimeout              0x0800595b   Thumb Code   114  stm32f4xx_hal_uart.o(i.UART_WaitOnFlagUntilTimeout)
    i.USART1_IRQHandler                      0x080059cc   Section        0  stm32f4xx_it.o(i.USART1_IRQHandler)
    i.UsageFault_Handler                     0x080059d8   Section        0  stm32f4xx_it.o(i.UsageFault_Handler)
    i.__NVIC_SetPriority                     0x080059da   Section        0  stm32f4xx_hal_cortex.o(i.__NVIC_SetPriority)
    __NVIC_SetPriority                       0x080059db   Thumb Code    32  stm32f4xx_hal_cortex.o(i.__NVIC_SetPriority)
    i._is_digit                              0x080059fa   Section        0  __printf_wp.o(i._is_digit)
    i.main                                   0x08005a08   Section        0  main.o(i.main)
    i.test_fail                              0x08005d9c   Section        0  test_bootloader_mcu.o(i.test_fail)
    test_fail                                0x08005d9d   Thumb Code    38  test_bootloader_mcu.o(i.test_fail)
    i.test_pass                              0x08005dd4   Section        0  test_bootloader_mcu.o(i.test_pass)
    test_pass                                0x08005dd5   Thumb Code    24  test_bootloader_mcu.o(i.test_pass)
    i.test_print                             0x08005dfc   Section        0  test_bootloader_mcu.o(i.test_print)
    test_print                               0x08005dfd   Thumb Code    46  test_bootloader_mcu.o(i.test_print)
    i.test_target_is_other                   0x08005e48   Section        0  test_bootloader_mcu.o(i.test_target_is_other)
    test_target_is_other                     0x08005e49   Thumb Code   100  test_bootloader_mcu.o(i.test_target_is_other)
    locale$$code                             0x08005ed4   Section       44  lc_ctype_c.o(locale$$code)
    x$fpl$fpinit                             0x08005f00   Section       10  fpinit.o(x$fpl$fpinit)
    $v0                                      0x08005f00   Number         0  fpinit.o(x$fpl$fpinit)
    .constdata                               0x08005f0c   Section       12  bootloader.o(.constdata)
    boot_version                             0x08005f0c   Data          12  bootloader.o(.constdata)
    .constdata                               0x08005f18   Section     7696  oled.o(.constdata)
    .constdata                               0x08007d28   Section       16  system_stm32f4xx.o(.constdata)
    .constdata                               0x08007d38   Section        8  system_stm32f4xx.o(.constdata)
    .constdata                               0x08007d40   Section       40  _printf_hex_int.o(.constdata)
    uc_hextab                                0x08007d40   Data          20  _printf_hex_int.o(.constdata)
    lc_hextab                                0x08007d54   Data          20  _printf_hex_int.o(.constdata)
    .constdata                               0x08007d68   Section       17  __printf_flags_ss_wp.o(.constdata)
    maptable                                 0x08007d68   Data          17  __printf_flags_ss_wp.o(.constdata)
    .conststring                             0x08007d7c   Section       81  bootloader.o(.conststring)
    locale$$data                             0x08007df0   Section      272  lc_ctype_c.o(locale$$data)
    __lcctype_c_name                         0x08007df4   Data           2  lc_ctype_c.o(locale$$data)
    __lcctype_c_start                        0x08007dfc   Data           0  lc_ctype_c.o(locale$$data)
    __lcctype_c_end                          0x08007f00   Data           0  lc_ctype_c.o(locale$$data)
    .data                                    0x20000000   Section        8  bootloader.o(.data)
    uart_rx_byte                             0x20000000   Data           1  bootloader.o(.data)
    rx_index                                 0x20000002   Data           2  bootloader.o(.data)
    uart_rx_head                             0x20000004   Data           2  bootloader.o(.data)
    uart_rx_tail                             0x20000006   Data           2  bootloader.o(.data)
    .data                                    0x20000008   Section        2  display_ota.o(.data)
    current_state                            0x20000008   Data           1  display_ota.o(.data)
    last_progress                            0x20000009   Data           1  display_ota.o(.data)
    .data                                    0x2000000c   Section        8  test_bootloader_mcu.o(.data)
    tests_run                                0x2000000c   Data           4  test_bootloader_mcu.o(.data)
    tests_passed                             0x20000010   Data           4  test_bootloader_mcu.o(.data)
    .data                                    0x20000014   Section       32  stm32f4xx_hal_flash.o(.data)
    .data                                    0x20000034   Section       12  stm32f4xx_hal.o(.data)
    .data                                    0x20000040   Section        4  system_stm32f4xx.o(.data)
    .bss                                     0x20000044   Section      156  main.o(.bss)
    .bss                                     0x200000e0   Section     8460  bootloader.o(.bss)
    data                                     0x200000e0   Data         128  bootloader.o(.bss)
    boot_config                              0x20000160   Data          36  bootloader.o(.bss)
    rx_buffer                                0x20000184   Data        4200  bootloader.o(.bss)
    uart_rx_buf                              0x200011ec   Data        4096  bootloader.o(.bss)
    .bss                                     0x200021ec   Section       32  display_ota.o(.bss)
    disp_buf                                 0x200021ec   Data          32  display_ota.o(.bss)
    .bss                                     0x2000220c   Section     1024  oled.o(.bss)
    .bss                                     0x2000260c   Section       96  libspace.o(.bss)
    HEAP                                     0x20002670   Section      512  startup_stm32f407xx.o(HEAP)
    Heap_Mem                                 0x20002670   Data         512  startup_stm32f407xx.o(HEAP)
    STACK                                    0x20002870   Section     1024  startup_stm32f407xx.o(STACK)
    Stack_Mem                                0x20002870   Data        1024  startup_stm32f407xx.o(STACK)
    __initial_sp                             0x20002c70   Data           0  startup_stm32f407xx.o(STACK)

    Global Symbols

    Symbol Name                              Value     Ov Type        Size  Object(Section)

    BuildAttributes$$THM_ISAv4$E$P$D$K$B$S$7EM$VFPi3$EXTD16$VFPS$VFMA$PE$A:L22UL41UL21$X:L11$S22US41US21$IEEE1$IW$USESV6$~STKCKD$USESV7$~SHL$OSPACE$ROPI$EBA8$UX$STANDARDLIB$REQ8$PRES8$EABIv2 0x00000000   Number         0  anon$$obj.o ABSOLUTE
    __ARM_use_no_argv                        0x00000000   Number         0  main.o ABSOLUTE
    _printf_flags                            0x00000000   Number         0  printf_stubs.o ABSOLUTE
    _printf_return_value                     0x00000000   Number         0  printf_stubs.o ABSOLUTE
    _printf_sizespec                         0x00000000   Number         0  printf_stubs.o ABSOLUTE
    _printf_widthprec                        0x00000000   Number         0  printf_stubs.o ABSOLUTE
    __ARM_exceptions_init                     - Undefined Weak Reference
    __alloca_initialize                       - Undefined Weak Reference
    __arm_preinit_                            - Undefined Weak Reference
    __cpp_initialize__aeabi_                  - Undefined Weak Reference
    __cxa_finalize                            - Undefined Weak Reference
    __sigvec_lookup                           - Undefined Weak Reference
    _atexit_init                              - Undefined Weak Reference
    _call_atexit_fns                          - Undefined Weak Reference
    _clock_init                               - Undefined Weak Reference
    _fp_trap_init                             - Undefined Weak Reference
    _fp_trap_shutdown                         - Undefined Weak Reference
    _get_lc_collate                           - Undefined Weak Reference
    _get_lc_monetary                          - Undefined Weak Reference
    _get_lc_numeric                           - Undefined Weak Reference
    _get_lc_time                              - Undefined Weak Reference
    _getenv_init                              - Undefined Weak Reference
    _handle_redirection                       - Undefined Weak Reference
    _init_alloc                               - Undefined Weak Reference
    _init_user_alloc                          - Undefined Weak Reference
    _initio                                   - Undefined Weak Reference
    _printf_mbtowc                            - Undefined Weak Reference
    _printf_truncate_signed                   - Undefined Weak Reference
    _printf_truncate_unsigned                 - Undefined Weak Reference
    _rand_init                                - Undefined Weak Reference
    _signal_finish                            - Undefined Weak Reference
    _signal_init                              - Undefined Weak Reference
    _terminate_alloc                          - Undefined Weak Reference
    _terminate_user_alloc                     - Undefined Weak Reference
    _terminateio                              - Undefined Weak Reference
    __Vectors_Size                           0x00000188   Number         0  startup_stm32f407xx.o ABSOLUTE
    __Vectors                                0x08000000   Data           4  startup_stm32f407xx.o(RESET)
    __Vectors_End                            0x08000188   Data           0  startup_stm32f407xx.o(RESET)
    __main                                   0x08000189   Thumb Code     8  __main.o(!!!main)
    __scatterload                            0x08000191   Thumb Code     0  __scatter.o(!!!scatter)
    __scatterload_rt2                        0x08000191   Thumb Code    44  __scatter.o(!!!scatter)
    __scatterload_rt2_thumb_only             0x08000191   Thumb Code     0  __scatter.o(!!!scatter)
    __scatterload_null                       0x0800019f   Thumb Code     0  __scatter.o(!!!scatter)
    __scatterload_copy                       0x080001c5   Thumb Code    26  __scatter_copy.o(!!handler_copy)
    __scatterload_zeroinit                   0x080001e1   Thumb Code    28  __scatter_zi.o(!!handler_zi)
    _printf_d                                0x080001fd   Thumb Code     0  _printf_d.o(.ARM.Collect$$_printf_percent$$00000009)
    _printf_percent                          0x080001fd   Thumb Code     0  _printf_percent.o(.ARM.Collect$$_printf_percent$$00000000)
    _printf_u                                0x08000203   Thumb Code     0  _printf_u.o(.ARM.Collect$$_printf_percent$$0000000A)
    _printf_x                                0x08000209   Thumb Code     0  _printf_x.o(.ARM.Collect$$_printf_percent$$0000000C)
    _printf_c                                0x0800020f   Thumb Code     0  _printf_c.o(.ARM.Collect$$_printf_percent$$00000013)
    _printf_s                                0x08000215   Thumb Code     0  _printf_s.o(.ARM.Collect$$_printf_percent$$00000014)
    _printf_percent_end                      0x0800021b   Thumb Code     0  _printf_percent_end.o(.ARM.Collect$$_printf_percent$$00000017)
    __rt_lib_init                            0x0800021f   Thumb Code     0  libinit.o(.ARM.Collect$$libinit$$00000000)
    __rt_lib_init_fp_1                       0x08000221   Thumb Code     0  libinit2.o(.ARM.Collect$$libinit$$00000001)
    __rt_lib_init_heap_1                     0x08000225   Thumb Code     0  libinit2.o(.ARM.Collect$$libinit$$0000000A)
    __rt_lib_init_lc_common                  0x08000225   Thumb Code     0  libinit2.o(.ARM.Collect$$libinit$$0000000F)
    __rt_lib_init_preinit_1                  0x08000225   Thumb Code     0  libinit2.o(.ARM.Collect$$libinit$$00000004)
    __rt_lib_init_rand_1                     0x08000225   Thumb Code     0  libinit2.o(.ARM.Collect$$libinit$$0000000E)
    __rt_lib_init_user_alloc_1               0x08000225   Thumb Code     0  libinit2.o(.ARM.Collect$$libinit$$0000000C)
    __rt_lib_init_lc_collate_1               0x0800022b   Thumb Code     0  libinit2.o(.ARM.Collect$$libinit$$00000011)
    __rt_lib_init_lc_ctype_2                 0x0800022b   Thumb Code     0  libinit2.o(.ARM.Collect$$libinit$$00000012)
    __rt_lib_init_alloca_1                   0x08000237   Thumb Code     0  libinit2.o(.ARM.Collect$$libinit$$0000002E)
    __rt_lib_init_argv_1                     0x08000237   Thumb Code     0  libinit2.o(.ARM.Collect$$libinit$$0000002C)
    __rt_lib_init_atexit_1                   0x08000237   Thumb Code     0  libinit2.o(.ARM.Collect$$libinit$$0000001B)
    __rt_lib_init_clock_1                    0x08000237   Thumb Code     0  libinit2.o(.ARM.Collect$$libinit$$00000021)
    __rt_lib_init_cpp_1                      0x08000237   Thumb Code     0  libinit2.o(.ARM.Collect$$libinit$$00000032)
    __rt_lib_init_exceptions_1               0x08000237   Thumb Code     0  libinit2.o(.ARM.Collect$$libinit$$00000030)
    __rt_lib_init_fp_trap_1                  0x08000237   Thumb Code     0  libinit2.o(.ARM.Collect$$libinit$$0000001F)
    __rt_lib_init_getenv_1                   0x08000237   Thumb Code     0  libinit2.o(.ARM.Collect$$libinit$$00000023)
    __rt_lib_init_lc_ctype_1                 0x08000237   Thumb Code     0  libinit2.o(.ARM.Collect$$libinit$$00000013)
    __rt_lib_init_lc_monetary_1              0x08000237   Thumb Code     0  libinit2.o(.ARM.Collect$$libinit$$00000015)
    __rt_lib_init_lc_numeric_1               0x08000237   Thumb Code     0  libinit2.o(.ARM.Collect$$libinit$$00000017)
    __rt_lib_init_lc_time_1                  0x08000237   Thumb Code     0  libinit2.o(.ARM.Collect$$libinit$$00000019)
    __rt_lib_init_return                     0x08000237   Thumb Code     0  libinit2.o(.ARM.Collect$$libinit$$00000033)
    __rt_lib_init_signal_1                   0x08000237   Thumb Code     0  libinit2.o(.ARM.Collect$$libinit$$0000001D)
    __rt_lib_init_stdio_1                    0x08000237   Thumb Code     0  libinit2.o(.ARM.Collect$$libinit$$00000025)
    __rt_lib_shutdown                        0x08000239   Thumb Code     0  libshutdown.o(.ARM.Collect$$libshutdown$$00000000)
    __rt_lib_shutdown_cpp_1                  0x0800023b   Thumb Code     0  libshutdown2.o(.ARM.Collect$$libshutdown$$00000002)
    __rt_lib_shutdown_fp_trap_1              0x0800023b   Thumb Code     0  libshutdown2.o(.ARM.Collect$$libshutdown$$00000007)
    __rt_lib_shutdown_heap_1                 0x0800023b   Thumb Code     0  libshutdown2.o(.ARM.Collect$$libshutdown$$0000000F)
    __rt_lib_shutdown_return                 0x0800023b   Thumb Code     0  libshutdown2.o(.ARM.Collect$$libshutdown$$00000010)
    __rt_lib_shutdown_signal_1               0x0800023b   Thumb Code     0  libshutdown2.o(.ARM.Collect$$libshutdown$$0000000A)
    __rt_lib_shutdown_stdio_1                0x0800023b   Thumb Code     0  libshutdown2.o(.ARM.Collect$$libshutdown$$00000004)
    __rt_lib_shutdown_user_alloc_1           0x0800023b   Thumb Code     0  libshutdown2.o(.ARM.Collect$$libshutdown$$0000000C)
    __rt_entry                               0x0800023d   Thumb Code     0  __rtentry.o(.ARM.Collect$$rtentry$$00000000)
    __rt_entry_presh_1                       0x0800023d   Thumb Code     0  __rtentry2.o(.ARM.Collect$$rtentry$$00000002)
    __rt_entry_sh                            0x0800023d   Thumb Code     0  __rtentry4.o(.ARM.Collect$$rtentry$$00000004)
    __rt_entry_li                            0x08000243   Thumb Code     0  __rtentry2.o(.ARM.Collect$$rtentry$$0000000A)
    __rt_entry_postsh_1                      0x08000243   Thumb Code     0  __rtentry2.o(.ARM.Collect$$rtentry$$00000009)
    __rt_entry_main                          0x08000247   Thumb Code     0  __rtentry2.o(.ARM.Collect$$rtentry$$0000000D)
    __rt_entry_postli_1                      0x08000247   Thumb Code     0  __rtentry2.o(.ARM.Collect$$rtentry$$0000000C)
    __rt_exit                                0x0800024f   Thumb Code     0  rtexit.o(.ARM.Collect$$rtexit$$00000000)
    __rt_exit_ls                             0x08000251   Thumb Code     0  rtexit2.o(.ARM.Collect$$rtexit$$00000003)
    __rt_exit_prels_1                        0x08000251   Thumb Code     0  rtexit2.o(.ARM.Collect$$rtexit$$00000002)
    __rt_exit_exit                           0x08000255   Thumb Code     0  rtexit2.o(.ARM.Collect$$rtexit$$00000004)
    Reset_Handler                            0x0800025d   Thumb Code     8  startup_stm32f407xx.o(.text)
    ADC_IRQHandler                           0x08000277   Thumb Code     0  startup_stm32f407xx.o(.text)
    CAN1_RX0_IRQHandler                      0x08000277   Thumb Code     0  startup_stm32f407xx.o(.text)
    CAN1_RX1_IRQHandler                      0x08000277   Thumb Code     0  startup_stm32f407xx.o(.text)
    CAN1_SCE_IRQHandler                      0x08000277   Thumb Code     0  startup_stm32f407xx.o(.text)
    CAN1_TX_IRQHandler                       0x08000277   Thumb Code     0  startup_stm32f407xx.o(.text)
    CAN2_RX0_IRQHandler                      0x08000277   Thumb Code     0  startup_stm32f407xx.o(.text)
    CAN2_RX1_IRQHandler                      0x08000277   Thumb Code     0  startup_stm32f407xx.o(.text)
    CAN2_SCE_IRQHandler                      0x08000277   Thumb Code     0  startup_stm32f407xx.o(.text)
    CAN2_TX_IRQHandler                       0x08000277   Thumb Code     0  startup_stm32f407xx.o(.text)
    DCMI_IRQHandler                          0x08000277   Thumb Code     0  startup_stm32f407xx.o(.text)
    DMA1_Stream0_IRQHandler                  0x08000277   Thumb Code     0  startup_stm32f407xx.o(.text)
    DMA1_Stream1_IRQHandler                  0x08000277   Thumb Code     0  startup_stm32f407xx.o(.text)
    DMA1_Stream2_IRQHandler                  0x08000277   Thumb Code     0  startup_stm32f407xx.o(.text)
    DMA1_Stream3_IRQHandler                  0x08000277   Thumb Code     0  startup_stm32f407xx.o(.text)
    DMA1_Stream4_IRQHandler                  0x08000277   Thumb Code     0  startup_stm32f407xx.o(.text)
    DMA1_Stream5_IRQHandler                  0x08000277   Thumb Code     0  startup_stm32f407xx.o(.text)
    DMA1_Stream6_IRQHandler                  0x08000277   Thumb Code     0  startup_stm32f407xx.o(.text)
    DMA1_Stream7_IRQHandler                  0x08000277   Thumb Code     0  startup_stm32f407xx.o(.text)
    DMA2_Stream0_IRQHandler                  0x08000277   Thumb Code     0  startup_stm32f407xx.o(.text)
    DMA2_Stream1_IRQHandler                  0x08000277   Thumb Code     0  startup_stm32f407xx.o(.text)
    DMA2_Stream2_IRQHandler                  0x08000277   Thumb Code     0  startup_stm32f407xx.o(.text)
    DMA2_Stream3_IRQHandler                  0x08000277   Thumb Code     0  startup_stm32f407xx.o(.text)
    DMA2_Stream4_IRQHandler                  0x08000277   Thumb Code     0  startup_stm32f407xx.o(.text)
    DMA2_Stream5_IRQHandler                  0x08000277   Thumb Code     0  startup_stm32f407xx.o(.text)
    DMA2_Stream6_IRQHandler                  0x08000277   Thumb Code     0  startup_stm32f407xx.o(.text)
    DMA2_Stream7_IRQHandler                  0x08000277   Thumb Code     0  startup_stm32f407xx.o(.text)
    ETH_IRQHandler                           0x08000277   Thumb Code     0  startup_stm32f407xx.o(.text)
    ETH_WKUP_IRQHandler                      0x08000277   Thumb Code     0  startup_stm32f407xx.o(.text)
    EXTI0_IRQHandler                         0x08000277   Thumb Code     0  startup_stm32f407xx.o(.text)
    EXTI15_10_IRQHandler                     0x08000277   Thumb Code     0  startup_stm32f407xx.o(.text)
    EXTI1_IRQHandler                         0x08000277   Thumb Code     0  startup_stm32f407xx.o(.text)
    EXTI2_IRQHandler                         0x08000277   Thumb Code     0  startup_stm32f407xx.o(.text)
    EXTI3_IRQHandler                         0x08000277   Thumb Code     0  startup_stm32f407xx.o(.text)
    EXTI4_IRQHandler                         0x08000277   Thumb Code     0  startup_stm32f407xx.o(.text)
    EXTI9_5_IRQHandler                       0x08000277   Thumb Code     0  startup_stm32f407xx.o(.text)
    FLASH_IRQHandler                         0x08000277   Thumb Code     0  startup_stm32f407xx.o(.text)
    FMC_IRQHandler                           0x08000277   Thumb Code     0  startup_stm32f407xx.o(.text)
    FPU_IRQHandler                           0x08000277   Thumb Code     0  startup_stm32f407xx.o(.text)
    HASH_RNG_IRQHandler                      0x08000277   Thumb Code     0  startup_stm32f407xx.o(.text)
    I2C2_ER_IRQHandler                       0x08000277   Thumb Code     0  startup_stm32f407xx.o(.text)
    I2C2_EV_IRQHandler                       0x08000277   Thumb Code     0  startup_stm32f407xx.o(.text)
    I2C3_ER_IRQHandler                       0x08000277   Thumb Code     0  startup_stm32f407xx.o(.text)
    I2C3_EV_IRQHandler                       0x08000277   Thumb Code     0  startup_stm32f407xx.o(.text)
    OTG_FS_IRQHandler                        0x08000277   Thumb Code     0  startup_stm32f407xx.o(.text)
    OTG_FS_WKUP_IRQHandler                   0x08000277   Thumb Code     0  startup_stm32f407xx.o(.text)
    OTG_HS_EP1_IN_IRQHandler                 0x08000277   Thumb Code     0  startup_stm32f407xx.o(.text)
    OTG_HS_EP1_OUT_IRQHandler                0x08000277   Thumb Code     0  startup_stm32f407xx.o(.text)
    OTG_HS_IRQHandler                        0x08000277   Thumb Code     0  startup_stm32f407xx.o(.text)
    OTG_HS_WKUP_IRQHandler                   0x08000277   Thumb Code     0  startup_stm32f407xx.o(.text)
    PVD_IRQHandler                           0x08000277   Thumb Code     0  startup_stm32f407xx.o(.text)
    RCC_IRQHandler                           0x08000277   Thumb Code     0  startup_stm32f407xx.o(.text)
    RTC_Alarm_IRQHandler                     0x08000277   Thumb Code     0  startup_stm32f407xx.o(.text)
    RTC_WKUP_IRQHandler                      0x08000277   Thumb Code     0  startup_stm32f407xx.o(.text)
    SDIO_IRQHandler                          0x08000277   Thumb Code     0  startup_stm32f407xx.o(.text)
    SPI1_IRQHandler                          0x08000277   Thumb Code     0  startup_stm32f407xx.o(.text)
    SPI2_IRQHandler                          0x08000277   Thumb Code     0  startup_stm32f407xx.o(.text)
    SPI3_IRQHandler                          0x08000277   Thumb Code     0  startup_stm32f407xx.o(.text)
    TAMP_STAMP_IRQHandler                    0x08000277   Thumb Code     0  startup_stm32f407xx.o(.text)
    TIM1_BRK_TIM9_IRQHandler                 0x08000277   Thumb Code     0  startup_stm32f407xx.o(.text)
    TIM1_CC_IRQHandler                       0x08000277   Thumb Code     0  startup_stm32f407xx.o(.text)
    TIM1_TRG_COM_TIM11_IRQHandler            0x08000277   Thumb Code     0  startup_stm32f407xx.o(.text)
    TIM1_UP_TIM10_IRQHandler                 0x08000277   Thumb Code     0  startup_stm32f407xx.o(.text)
    TIM2_IRQHandler                          0x08000277   Thumb Code     0  startup_stm32f407xx.o(.text)
    TIM3_IRQHandler                          0x08000277   Thumb Code     0  startup_stm32f407xx.o(.text)
    TIM4_IRQHandler                          0x08000277   Thumb Code     0  startup_stm32f407xx.o(.text)
    TIM5_IRQHandler                          0x08000277   Thumb Code     0  startup_stm32f407xx.o(.text)
    TIM6_DAC_IRQHandler                      0x08000277   Thumb Code     0  startup_stm32f407xx.o(.text)
    TIM7_IRQHandler                          0x08000277   Thumb Code     0  startup_stm32f407xx.o(.text)
    TIM8_BRK_TIM12_IRQHandler                0x08000277   Thumb Code     0  startup_stm32f407xx.o(.text)
    TIM8_CC_IRQHandler                       0x08000277   Thumb Code     0  startup_stm32f407xx.o(.text)
    TIM8_TRG_COM_TIM14_IRQHandler            0x08000277   Thumb Code     0  startup_stm32f407xx.o(.text)
    TIM8_UP_TIM13_IRQHandler                 0x08000277   Thumb Code     0  startup_stm32f407xx.o(.text)
    UART4_IRQHandler                         0x08000277   Thumb Code     0  startup_stm32f407xx.o(.text)
    UART5_IRQHandler                         0x08000277   Thumb Code     0  startup_stm32f407xx.o(.text)
    USART2_IRQHandler                        0x08000277   Thumb Code     0  startup_stm32f407xx.o(.text)
    USART3_IRQHandler                        0x08000277   Thumb Code     0  startup_stm32f407xx.o(.text)
    USART6_IRQHandler                        0x08000277   Thumb Code     0  startup_stm32f407xx.o(.text)
    WWDG_IRQHandler                          0x08000277   Thumb Code     0  startup_stm32f407xx.o(.text)
    __user_initial_stackheap                 0x08000279   Thumb Code     0  startup_stm32f407xx.o(.text)
    __aeabi_uldivmod                         0x0800029d   Thumb Code     0  lludivv7m.o(.text)
    _ll_udiv                                 0x0800029d   Thumb Code   238  lludivv7m.o(.text)
    __2snprintf                              0x0800038d   Thumb Code    48  noretval__2snprintf.o(.text)
    _printf_pre_padding                      0x080003c1   Thumb Code    44  _printf_pad.o(.text)
    _printf_post_padding                     0x080003ed   Thumb Code    34  _printf_pad.o(.text)
    _printf_str                              0x0800040f   Thumb Code    82  _printf_str.o(.text)
    _printf_int_dec                          0x08000461   Thumb Code   104  _printf_dec.o(.text)
    _printf_int_hex                          0x080004d9   Thumb Code    84  _printf_hex_int.o(.text)
    _printf_longlong_hex                     0x080004d9   Thumb Code     0  _printf_hex_int.o(.text)
    __printf                                 0x08000531   Thumb Code   388  __printf_flags_ss_wp.o(.text)
    atoi                                     0x080006b9   Thumb Code    26  atoi.o(.text)
    strtoul                                  0x080006d3   Thumb Code   114  strtoul.o(.text)
    strlen                                   0x08000745   Thumb Code    62  strlen.o(.text)
    strncmp                                  0x08000783   Thumb Code   150  strncmp.o(.text)
    __aeabi_memclr4                          0x08000819   Thumb Code     0  rt_memclr_w.o(.text)
    __aeabi_memclr8                          0x08000819   Thumb Code     0  rt_memclr_w.o(.text)
    __rt_memclr_w                            0x08000819   Thumb Code    78  rt_memclr_w.o(.text)
    _memset_w                                0x0800081d   Thumb Code     0  rt_memclr_w.o(.text)
    __use_two_region_memory                  0x08000867   Thumb Code     2  heapauxi.o(.text)
    __rt_heap_escrow$2region                 0x08000869   Thumb Code     2  heapauxi.o(.text)
    __rt_heap_expand$2region                 0x0800086b   Thumb Code     2  heapauxi.o(.text)
    __rt_ctype_table                         0x0800086d   Thumb Code    16  rt_ctype_table.o(.text)
    __aeabi_errno_addr                       0x0800087d   Thumb Code     8  rt_errno_addr_intlibspace.o(.text)
    __errno$intlibspace                      0x0800087d   Thumb Code     0  rt_errno_addr_intlibspace.o(.text)
    __rt_errno_addr$intlibspace              0x0800087d   Thumb Code     0  rt_errno_addr_intlibspace.o(.text)
    _printf_int_common                       0x08000885   Thumb Code   178  _printf_intcommon.o(.text)
    _printf_char_common                      0x08000943   Thumb Code    32  _printf_char_common.o(.text)
    _sputc                                   0x08000969   Thumb Code    10  _sputc.o(.text)
    _snputc                                  0x08000973   Thumb Code    16  _snputc.o(.text)
    _printf_cs_common                        0x08000983   Thumb Code    20  _printf_char.o(.text)
    _printf_char                             0x08000997   Thumb Code    16  _printf_char.o(.text)
    _printf_string                           0x080009a7   Thumb Code     8  _printf_char.o(.text)
    _strtoul                                 0x080009af   Thumb Code   158  _strtoul.o(.text)
    strtol                                   0x08000a4d   Thumb Code   112  strtol.o(.text)
    __user_libspace                          0x08000abd   Thumb Code     8  libspace.o(.text)
    __user_perproc_libspace                  0x08000abd   Thumb Code     0  libspace.o(.text)
    __user_perthread_libspace                0x08000abd   Thumb Code     0  libspace.o(.text)
    __rt_locale                              0x08000ac5   Thumb Code     8  rt_locale_intlibspace.o(.text)
    _chval                                   0x08000acd   Thumb Code    28  _chval.o(.text)
    __user_setup_stackheap                   0x08000ae9   Thumb Code    74  sys_stackheap_outer.o(.text)
    exit                                     0x08000b33   Thumb Code    18  exit.o(.text)
    strcmp                                   0x08000b45   Thumb Code   128  strcmpv7m.o(.text)
    _sys_exit                                0x08000bc5   Thumb Code     8  sys_exit.o(.text)
    __I$use$semihosting                      0x08000bd1   Thumb Code     0  use_no_semi.o(.text)
    __use_no_semihosting_swi                 0x08000bd1   Thumb Code     2  use_no_semi.o(.text)
    __semihosting_library_function           0x08000bd3   Thumb Code     0  indicate_semi.o(.text)
    Bootloader_ClearRollbackFlag             0x08000bd5   Thumb Code   150  bootloader.o(i.Bootloader_ClearRollbackFlag)
    Bootloader_EraseApp                      0x08000c79   Thumb Code   124  bootloader.o(i.Bootloader_EraseApp)
    Bootloader_GetActivePartition            0x08000d35   Thumb Code    22  bootloader.o(i.Bootloader_GetActivePartition)
    Bootloader_GetTargetPartition            0x08000d55   Thumb Code    20  bootloader.o(i.Bootloader_GetTargetPartition)
    Bootloader_GetVersion                    0x08000d71   Thumb Code     4  bootloader.o(i.Bootloader_GetVersion)
    Bootloader_Init                          0x080015b1   Thumb Code    50  bootloader.o(i.Bootloader_Init)
    Bootloader_JumpToApp                     0x08001625   Thumb Code   128  bootloader.o(i.Bootloader_JumpToApp)
    Bootloader_LED_Set                       0x08001721   Thumb Code    72  bootloader.o(i.Bootloader_LED_Set)
    Bootloader_LogError                      0x0800176d   Thumb Code   126  bootloader.o(i.Bootloader_LogError)
    Bootloader_Run                           0x08001b79   Thumb Code   208  bootloader.o(i.Bootloader_Run)
    Bootloader_SendProgress                  0x08001c7d   Thumb Code    36  bootloader.o(i.Bootloader_SendProgress)
    Bootloader_SendResponse                  0x08001cbd   Thumb Code    36  bootloader.o(i.Bootloader_SendResponse)
    Bootloader_SetMagic                      0x08001ce9   Thumb Code    28  bootloader.o(i.Bootloader_SetMagic)
    Bootloader_SetRollbackFlag               0x08001d0d   Thumb Code   156  bootloader.o(i.Bootloader_SetRollbackFlag)
    Bootloader_ShouldEnter                   0x08001dc5   Thumb Code   290  bootloader.o(i.Bootloader_ShouldEnter)
    Bootloader_ShouldRollback                0x08002069   Thumb Code    18  bootloader.o(i.Bootloader_ShouldRollback)
    Bootloader_SwitchPartition               0x08002085   Thumb Code   178  bootloader.o(i.Bootloader_SwitchPartition)
    Bootloader_VerifyCRC                     0x08002171   Thumb Code   180  bootloader.o(i.Bootloader_VerifyCRC)
    Bootloader_WriteFirmware                 0x080022bd   Thumb Code   282  bootloader.o(i.Bootloader_WriteFirmware)
    BusFault_Handler                         0x080024dd   Thumb Code     2  stm32f4xx_it.o(i.BusFault_Handler)
    DebugMon_Handler                         0x080024df   Thumb Code     2  stm32f4xx_it.o(i.DebugMon_Handler)
    Display_OTA_Init                         0x080024e1   Thumb Code     8  display_ota.o(i.Display_OTA_Init)
    Display_OTA_SetProgress                  0x080024ed   Thumb Code   206  display_ota.o(i.Display_OTA_SetProgress)
    Display_OTA_SetSize                      0x080025cd   Thumb Code    56  display_ota.o(i.Display_OTA_SetSize)
    Display_OTA_SetState                     0x0800262d   Thumb Code    82  display_ota.o(i.Display_OTA_SetState)
    Display_OTA_ShowMain                     0x080026e9   Thumb Code   190  display_ota.o(i.Display_OTA_ShowMain)
    FLASH_Erase_Sector                       0x08002809   Thumb Code    74  stm32f4xx_hal_flash_ex.o(i.FLASH_Erase_Sector)
    FLASH_FlushCaches                        0x08002859   Thumb Code    80  stm32f4xx_hal_flash_ex.o(i.FLASH_FlushCaches)
    FLASH_WaitForLastOperation               0x080029d1   Thumb Code    72  stm32f4xx_hal_flash.o(i.FLASH_WaitForLastOperation)
    HAL_DMA_Abort                            0x08002a21   Thumb Code   146  stm32f4xx_hal_dma.o(i.HAL_DMA_Abort)
    HAL_DMA_Abort_IT                         0x08002ab3   Thumb Code    36  stm32f4xx_hal_dma.o(i.HAL_DMA_Abort_IT)
    HAL_DMA_GetState                         0x08002ad7   Thumb Code     6  stm32f4xx_hal_dma.o(i.HAL_DMA_GetState)
    HAL_Delay                                0x08002add   Thumb Code    32  stm32f4xx_hal.o(i.HAL_Delay)
    HAL_FLASHEx_Erase                        0x08002b01   Thumb Code   144  stm32f4xx_hal_flash_ex.o(i.HAL_FLASHEx_Erase)
    HAL_FLASH_Lock                           0x08002b99   Thumb Code    14  stm32f4xx_hal_flash.o(i.HAL_FLASH_Lock)
    HAL_FLASH_Program                        0x08002bad   Thumb Code   116  stm32f4xx_hal_flash.o(i.HAL_FLASH_Program)
    HAL_FLASH_Unlock                         0x08002c29   Thumb Code    32  stm32f4xx_hal_flash.o(i.HAL_FLASH_Unlock)
    HAL_GPIO_DeInit                          0x08002c55   Thumb Code   320  stm32f4xx_hal_gpio.o(i.HAL_GPIO_DeInit)
    HAL_GPIO_Init                            0x08002dbd   Thumb Code   450  stm32f4xx_hal_gpio.o(i.HAL_GPIO_Init)
    HAL_GPIO_ReadPin                         0x08002fad   Thumb Code    10  stm32f4xx_hal_gpio.o(i.HAL_GPIO_ReadPin)
    HAL_GPIO_TogglePin                       0x08002fb7   Thumb Code    16  stm32f4xx_hal_gpio.o(i.HAL_GPIO_TogglePin)
    HAL_GPIO_WritePin                        0x08002fc7   Thumb Code    10  stm32f4xx_hal_gpio.o(i.HAL_GPIO_WritePin)
    HAL_GetTick                              0x08002fd1   Thumb Code     6  stm32f4xx_hal.o(i.HAL_GetTick)
    HAL_I2C_AbortCpltCallback                0x08002fdd   Thumb Code     2  stm32f4xx_hal_i2c.o(i.HAL_I2C_AbortCpltCallback)
    HAL_I2C_AddrCallback                     0x08002fdf   Thumb Code     2  stm32f4xx_hal_i2c.o(i.HAL_I2C_AddrCallback)
    HAL_I2C_DeInit                           0x08002fe1   Thumb Code    50  stm32f4xx_hal_i2c.o(i.HAL_I2C_DeInit)
    HAL_I2C_ER_IRQHandler                    0x08003013   Thumb Code   186  stm32f4xx_hal_i2c.o(i.HAL_I2C_ER_IRQHandler)
    HAL_I2C_EV_IRQHandler                    0x080030cd   Thumb Code   560  stm32f4xx_hal_i2c.o(i.HAL_I2C_EV_IRQHandler)
    HAL_I2C_ErrorCallback                    0x080032fd   Thumb Code     2  stm32f4xx_hal_i2c.o(i.HAL_I2C_ErrorCallback)
    HAL_I2C_Init                             0x08003301   Thumb Code   376  stm32f4xx_hal_i2c.o(i.HAL_I2C_Init)
    HAL_I2C_ListenCpltCallback               0x08003489   Thumb Code     2  stm32f4xx_hal_i2c.o(i.HAL_I2C_ListenCpltCallback)
    HAL_I2C_MasterRxCpltCallback             0x0800348b   Thumb Code     2  stm32f4xx_hal_i2c.o(i.HAL_I2C_MasterRxCpltCallback)
    HAL_I2C_MasterTxCpltCallback             0x0800348d   Thumb Code     2  stm32f4xx_hal_i2c.o(i.HAL_I2C_MasterTxCpltCallback)
    HAL_I2C_Master_Transmit                  0x08003491   Thumb Code   290  stm32f4xx_hal_i2c.o(i.HAL_I2C_Master_Transmit)
    HAL_I2C_MemRxCpltCallback                0x080035bd   Thumb Code     2  stm32f4xx_hal_i2c.o(i.HAL_I2C_MemRxCpltCallback)
    HAL_I2C_MemTxCpltCallback                0x080035bf   Thumb Code     2  stm32f4xx_hal_i2c.o(i.HAL_I2C_MemTxCpltCallback)
    HAL_I2C_MspDeInit                        0x080035c1   Thumb Code    56  stm32f4xx_hal_msp.o(i.HAL_I2C_MspDeInit)
    HAL_I2C_MspInit                          0x08003605   Thumb Code   124  stm32f4xx_hal_msp.o(i.HAL_I2C_MspInit)
    HAL_I2C_SlaveRxCpltCallback              0x0800368d   Thumb Code     2  stm32f4xx_hal_i2c.o(i.HAL_I2C_SlaveRxCpltCallback)
    HAL_I2C_SlaveTxCpltCallback              0x0800368f   Thumb Code     2  stm32f4xx_hal_i2c.o(i.HAL_I2C_SlaveTxCpltCallback)
    HAL_IncTick                              0x08003691   Thumb Code    12  stm32f4xx_hal.o(i.HAL_IncTick)
    HAL_Init                                 0x080036a1   Thumb Code    48  stm32f4xx_hal.o(i.HAL_Init)
    HAL_InitTick                             0x080036d5   Thumb Code    54  stm32f4xx_hal.o(i.HAL_InitTick)
    HAL_MspInit                              0x08003715   Thumb Code    42  stm32f4xx_hal_msp.o(i.HAL_MspInit)
    HAL_NVIC_DisableIRQ                      0x08003745   Thumb Code    34  stm32f4xx_hal_cortex.o(i.HAL_NVIC_DisableIRQ)
    HAL_NVIC_EnableIRQ                       0x08003767   Thumb Code    26  stm32f4xx_hal_cortex.o(i.HAL_NVIC_EnableIRQ)
    HAL_NVIC_SetPriority                     0x08003781   Thumb Code    60  stm32f4xx_hal_cortex.o(i.HAL_NVIC_SetPriority)
    HAL_NVIC_SetPriorityGrouping             0x080037c1   Thumb Code    26  stm32f4xx_hal_cortex.o(i.HAL_NVIC_SetPriorityGrouping)
    HAL_RCC_ClockConfig                      0x080037e5   Thumb Code   288  stm32f4xx_hal_rcc.o(i.HAL_RCC_ClockConfig)
    HAL_RCC_GetPCLK1Freq                     0x08003919   Thumb Code    20  stm32f4xx_hal_rcc.o(i.HAL_RCC_GetPCLK1Freq)
    HAL_RCC_GetPCLK2Freq                     0x08003939   Thumb Code    20  stm32f4xx_hal_rcc.o(i.HAL_RCC_GetPCLK2Freq)
    HAL_RCC_GetSysClockFreq                  0x08003959   Thumb Code    88  stm32f4xx_hal_rcc.o(i.HAL_RCC_GetSysClockFreq)
    HAL_RCC_OscConfig                        0x080039b9   Thumb Code   856  stm32f4xx_hal_rcc.o(i.HAL_RCC_OscConfig)
    HAL_SYSTICK_Config                       0x08003d25   Thumb Code    40  stm32f4xx_hal_cortex.o(i.HAL_SYSTICK_Config)
    HAL_UARTEx_RxEventCallback               0x08003d4d   Thumb Code     2  stm32f4xx_hal_uart.o(i.HAL_UARTEx_RxEventCallback)
    HAL_UART_DeInit                          0x08003d4f   Thumb Code    54  stm32f4xx_hal_uart.o(i.HAL_UART_DeInit)
    HAL_UART_ErrorCallback                   0x08003d85   Thumb Code     2  stm32f4xx_hal_uart.o(i.HAL_UART_ErrorCallback)
    HAL_UART_IRQHandler                      0x08003d89   Thumb Code   636  stm32f4xx_hal_uart.o(i.HAL_UART_IRQHandler)
    HAL_UART_Init                            0x08004009   Thumb Code   100  stm32f4xx_hal_uart.o(i.HAL_UART_Init)
    HAL_UART_MspDeInit                       0x0800406d   Thumb Code    42  stm32f4xx_hal_msp.o(i.HAL_UART_MspDeInit)
    HAL_UART_MspInit                         0x080040a5   Thumb Code   110  stm32f4xx_hal_msp.o(i.HAL_UART_MspInit)
    HAL_UART_Receive_IT                      0x08004121   Thumb Code    28  stm32f4xx_hal_uart.o(i.HAL_UART_Receive_IT)
    HAL_UART_RxCpltCallback                  0x0800413d   Thumb Code    52  bootloader.o(i.HAL_UART_RxCpltCallback)
    HAL_UART_Transmit                        0x08004181   Thumb Code   160  stm32f4xx_hal_uart.o(i.HAL_UART_Transmit)
    HAL_UART_TxCpltCallback                  0x08004221   Thumb Code     2  stm32f4xx_hal_uart.o(i.HAL_UART_TxCpltCallback)
    HardFault_Handler                        0x08004223   Thumb Code     2  stm32f4xx_it.o(i.HardFault_Handler)
    I2C1_ER_IRQHandler                       0x08004225   Thumb Code     6  stm32f4xx_it.o(i.I2C1_ER_IRQHandler)
    I2C1_EV_IRQHandler                       0x08004231   Thumb Code     6  stm32f4xx_it.o(i.I2C1_EV_IRQHandler)
    MemManage_Handler                        0x08004f1d   Thumb Code     2  stm32f4xx_it.o(i.MemManage_Handler)
    NMI_Handler                              0x08004f1f   Thumb Code     2  stm32f4xx_it.o(i.NMI_Handler)
    OLED_Clear                               0x08004f21   Thumb Code    36  oled.o(i.OLED_Clear)
    OLED_DrawLine                            0x08004f49   Thumb Code   156  oled.o(i.OLED_DrawLine)
    OLED_DrawPoint                           0x08004fe5   Thumb Code    40  oled.o(i.OLED_DrawPoint)
    OLED_Init                                0x08005011   Thumb Code   240  oled.o(i.OLED_Init)
    OLED_Refresh                             0x08005101   Thumb Code    94  oled.o(i.OLED_Refresh)
    OLED_ShowChar                            0x08005169   Thumb Code   212  oled.o(i.OLED_ShowChar)
    OLED_ShowString                          0x0800524d   Thumb Code    66  oled.o(i.OLED_ShowString)
    OLED_WR_Byte                             0x08005291   Thumb Code    32  oled.o(i.OLED_WR_Byte)
    PendSV_Handler                           0x080052b5   Thumb Code     2  stm32f4xx_it.o(i.PendSV_Handler)
    RunBootloaderTests                       0x080052b9   Thumb Code   422  test_bootloader_mcu.o(i.RunBootloaderTests)
    SVC_Handler                              0x08005649   Thumb Code     2  stm32f4xx_it.o(i.SVC_Handler)
    SysTick_Handler                          0x0800564b   Thumb Code     4  stm32f4xx_it.o(i.SysTick_Handler)
    SystemClock_Config                       0x08005651   Thumb Code   142  main.o(i.SystemClock_Config)
    SystemInit                               0x080056e9   Thumb Code    12  system_stm32f4xx.o(i.SystemInit)
    UART_Start_Receive_IT                    0x08005925   Thumb Code    54  stm32f4xx_hal_uart.o(i.UART_Start_Receive_IT)
    USART1_IRQHandler                        0x080059cd   Thumb Code     6  stm32f4xx_it.o(i.USART1_IRQHandler)
    UsageFault_Handler                       0x080059d9   Thumb Code     2  stm32f4xx_it.o(i.UsageFault_Handler)
    _is_digit                                0x080059fb   Thumb Code    14  __printf_wp.o(i._is_digit)
    main                                     0x08005a09   Thumb Code   484  main.o(i.main)
    _get_lc_ctype                            0x08005ed5   Thumb Code    44  lc_ctype_c.o(locale$$code)
    _fp_init                                 0x08005f01   Thumb Code    10  fpinit.o(x$fpl$fpinit)
    __fplib_config_fpu_vfp                   0x08005f09   Thumb Code     0  fpinit.o(x$fpl$fpinit)
    __fplib_config_pureend_doubles           0x08005f09   Thumb Code     0  fpinit.o(x$fpl$fpinit)
    asc2_0806                                0x08005f18   Data         552  oled.o(.constdata)
    asc2_1206                                0x08006140   Data        1140  oled.o(.constdata)
    asc2_1608                                0x080065b4   Data        1520  oled.o(.constdata)
    asc2_2412                                0x08006ba4   Data        3420  oled.o(.constdata)
    Hzk1                                     0x08007900   Data         352  oled.o(.constdata)
    Hzk2                                     0x08007a60   Data          72  oled.o(.constdata)
    Hzk3                                     0x08007aa8   Data         128  oled.o(.constdata)
    Hzk4                                     0x08007b28   Data         512  oled.o(.constdata)
    AHBPrescTable                            0x08007d28   Data          16  system_stm32f4xx.o(.constdata)
    APBPrescTable                            0x08007d38   Data           8  system_stm32f4xx.o(.constdata)
    Region$$Table$$Base                      0x08007dd0   Number         0  anon$$obj.o(Region$$Table)
    Region$$Table$$Limit                     0x08007df0   Number         0  anon$$obj.o(Region$$Table)
    __ctype                                  0x08007dfd   Data           0  lc_ctype_c.o(locale$$data)
    pFlash                                   0x20000014   Data          32  stm32f4xx_hal_flash.o(.data)
    uwTickFreq                               0x20000034   Data           1  stm32f4xx_hal.o(.data)
    uwTickPrio                               0x20000038   Data           4  stm32f4xx_hal.o(.data)
    uwTick                                   0x2000003c   Data           4  stm32f4xx_hal.o(.data)
    SystemCoreClock                          0x20000040   Data           4  system_stm32f4xx.o(.data)
    hi2c1                                    0x20000044   Data          84  main.o(.bss)
    huart1                                   0x20000098   Data          72  main.o(.bss)
    OLED_GRAM                                0x2000220c   Data        1024  oled.o(.bss)
    __libspace_start                         0x2000260c   Data          96  libspace.o(.bss)
    __temporary_stack_top$libspace           0x2000266c   Data           0  libspace.o(.bss)



==============================================================================

Memory Map of the image

  Image Entry point : 0x08000189

  Load Region LR_IROM1 (Base: 0x08000000, Size: 0x00007f44, Max: 0x00080000, ABSOLUTE)

    Execution Region ER_IROM1 (Exec base: 0x08000000, Load base: 0x08000000, Size: 0x00007f00, Max: 0x00080000, ABSOLUTE)

    Exec Addr    Load Addr    Size         Type   Attr      Idx    E Section Name        Object

    0x08000000   0x08000000   0x00000188   Data   RO            3    RESET               startup_stm32f407xx.o
    0x08000188   0x08000188   0x00000008   Code   RO         2859  * !!!main             c_w.l(__main.o)
    0x08000190   0x08000190   0x00000034   Code   RO         3062    !!!scatter          c_w.l(__scatter.o)
    0x080001c4   0x080001c4   0x0000001a   Code   RO         3064    !!handler_copy      c_w.l(__scatter_copy.o)
    0x080001de   0x080001de   0x00000002   PAD
    0x080001e0   0x080001e0   0x0000001c   Code   RO         3066    !!handler_zi        c_w.l(__scatter_zi.o)
    0x080001fc   0x080001fc   0x00000000   Code   RO         2846    .ARM.Collect$$_printf_percent$$00000000  c_w.l(_printf_percent.o)
    0x080001fc   0x080001fc   0x00000006   Code   RO         2844    .ARM.Collect$$_printf_percent$$00000009  c_w.l(_printf_d.o)
    0x08000202   0x08000202   0x00000006   Code   RO         2845    .ARM.Collect$$_printf_percent$$0000000A  c_w.l(_printf_u.o)
    0x08000208   0x08000208   0x00000006   Code   RO         2843    .ARM.Collect$$_printf_percent$$0000000C  c_w.l(_printf_x.o)
    0x0800020e   0x0800020e   0x00000006   Code   RO         2841    .ARM.Collect$$_printf_percent$$00000013  c_w.l(_printf_c.o)
    0x08000214   0x08000214   0x00000006   Code   RO         2842    .ARM.Collect$$_printf_percent$$00000014  c_w.l(_printf_s.o)
    0x0800021a   0x0800021a   0x00000004   Code   RO         2883    .ARM.Collect$$_printf_percent$$00000017  c_w.l(_printf_percent_end.o)
    0x0800021e   0x0800021e   0x00000002   Code   RO         2935    .ARM.Collect$$libinit$$00000000  c_w.l(libinit.o)
    0x08000220   0x08000220   0x00000004   Code   RO         2936    .ARM.Collect$$libinit$$00000001  c_w.l(libinit2.o)
    0x08000224   0x08000224   0x00000000   Code   RO         2939    .ARM.Collect$$libinit$$00000004  c_w.l(libinit2.o)
    0x08000224   0x08000224   0x00000000   Code   RO         2942    .ARM.Collect$$libinit$$0000000A  c_w.l(libinit2.o)
    0x08000224   0x08000224   0x00000000   Code   RO         2944    .ARM.Collect$$libinit$$0000000C  c_w.l(libinit2.o)
    0x08000224   0x08000224   0x00000000   Code   RO         2946    .ARM.Collect$$libinit$$0000000E  c_w.l(libinit2.o)
    0x08000224   0x08000224   0x00000006   Code   RO         2947    .ARM.Collect$$libinit$$0000000F  c_w.l(libinit2.o)
    0x0800022a   0x0800022a   0x00000000   Code   RO         2949    .ARM.Collect$$libinit$$00000011  c_w.l(libinit2.o)
    0x0800022a   0x0800022a   0x0000000c   Code   RO         2950    .ARM.Collect$$libinit$$00000012  c_w.l(libinit2.o)
    0x08000236   0x08000236   0x00000000   Code   RO         2951    .ARM.Collect$$libinit$$00000013  c_w.l(libinit2.o)
    0x08000236   0x08000236   0x00000000   Code   RO         2953    .ARM.Collect$$libinit$$00000015  c_w.l(libinit2.o)
    0x08000236   0x08000236   0x00000000   Code   RO         2955    .ARM.Collect$$libinit$$00000017  c_w.l(libinit2.o)
    0x08000236   0x08000236   0x00000000   Code   RO         2957    .ARM.Collect$$libinit$$00000019  c_w.l(libinit2.o)
    0x08000236   0x08000236   0x00000000   Code   RO         2959    .ARM.Collect$$libinit$$0000001B  c_w.l(libinit2.o)
    0x08000236   0x08000236   0x00000000   Code   RO         2961    .ARM.Collect$$libinit$$0000001D  c_w.l(libinit2.o)
    0x08000236   0x08000236   0x00000000   Code   RO         2963    .ARM.Collect$$libinit$$0000001F  c_w.l(libinit2.o)
    0x08000236   0x08000236   0x00000000   Code   RO         2965    .ARM.Collect$$libinit$$00000021  c_w.l(libinit2.o)
    0x08000236   0x08000236   0x00000000   Code   RO         2967    .ARM.Collect$$libinit$$00000023  c_w.l(libinit2.o)
    0x08000236   0x08000236   0x00000000   Code   RO         2969    .ARM.Collect$$libinit$$00000025  c_w.l(libinit2.o)
    0x08000236   0x08000236   0x00000000   Code   RO         2973    .ARM.Collect$$libinit$$0000002C  c_w.l(libinit2.o)
    0x08000236   0x08000236   0x00000000   Code   RO         2975    .ARM.Collect$$libinit$$0000002E  c_w.l(libinit2.o)
    0x08000236   0x08000236   0x00000000   Code   RO         2977    .ARM.Collect$$libinit$$00000030  c_w.l(libinit2.o)
    0x08000236   0x08000236   0x00000000   Code   RO         2979    .ARM.Collect$$libinit$$00000032  c_w.l(libinit2.o)
    0x08000236   0x08000236   0x00000002   Code   RO         2980    .ARM.Collect$$libinit$$00000033  c_w.l(libinit2.o)
    0x08000238   0x08000238   0x00000002   Code   RO         3027    .ARM.Collect$$libshutdown$$00000000  c_w.l(libshutdown.o)
    0x0800023a   0x0800023a   0x00000000   Code   RO         3045    .ARM.Collect$$libshutdown$$00000002  c_w.l(libshutdown2.o)
    0x0800023a   0x0800023a   0x00000000   Code   RO         3047    .ARM.Collect$$libshutdown$$00000004  c_w.l(libshutdown2.o)
    0x0800023a   0x0800023a   0x00000000   Code   RO         3050    .ARM.Collect$$libshutdown$$00000007  c_w.l(libshutdown2.o)
    0x0800023a   0x0800023a   0x00000000   Code   RO         3053    .ARM.Collect$$libshutdown$$0000000A  c_w.l(libshutdown2.o)
    0x0800023a   0x0800023a   0x00000000   Code   RO         3055    .ARM.Collect$$libshutdown$$0000000C  c_w.l(libshutdown2.o)
    0x0800023a   0x0800023a   0x00000000   Code   RO         3058    .ARM.Collect$$libshutdown$$0000000F  c_w.l(libshutdown2.o)
    0x0800023a   0x0800023a   0x00000002   Code   RO         3059    .ARM.Collect$$libshutdown$$00000010  c_w.l(libshutdown2.o)
    0x0800023c   0x0800023c   0x00000000   Code   RO         2861    .ARM.Collect$$rtentry$$00000000  c_w.l(__rtentry.o)
    0x0800023c   0x0800023c   0x00000000   Code   RO         2892    .ARM.Collect$$rtentry$$00000002  c_w.l(__rtentry2.o)
    0x0800023c   0x0800023c   0x00000006   Code   RO         2904    .ARM.Collect$$rtentry$$00000004  c_w.l(__rtentry4.o)
    0x08000242   0x08000242   0x00000000   Code   RO         2894    .ARM.Collect$$rtentry$$00000009  c_w.l(__rtentry2.o)
    0x08000242   0x08000242   0x00000004   Code   RO         2895    .ARM.Collect$$rtentry$$0000000A  c_w.l(__rtentry2.o)
    0x08000246   0x08000246   0x00000000   Code   RO         2897    .ARM.Collect$$rtentry$$0000000C  c_w.l(__rtentry2.o)
    0x08000246   0x08000246   0x00000008   Code   RO         2898    .ARM.Collect$$rtentry$$0000000D  c_w.l(__rtentry2.o)
    0x0800024e   0x0800024e   0x00000002   Code   RO         2981    .ARM.Collect$$rtexit$$00000000  c_w.l(rtexit.o)
    0x08000250   0x08000250   0x00000000   Code   RO         2996    .ARM.Collect$$rtexit$$00000002  c_w.l(rtexit2.o)
    0x08000250   0x08000250   0x00000004   Code   RO         2997    .ARM.Collect$$rtexit$$00000003  c_w.l(rtexit2.o)
    0x08000254   0x08000254   0x00000006   Code   RO         2998    .ARM.Collect$$rtexit$$00000004  c_w.l(rtexit2.o)
    0x0800025a   0x0800025a   0x00000002   PAD
    0x0800025c   0x0800025c   0x00000040   Code   RO            4    .text               startup_stm32f407xx.o
    0x0800029c   0x0800029c   0x000000ee   Code   RO         2786    .text               c_w.l(lludivv7m.o)
    0x0800038a   0x0800038a   0x00000002   PAD
    0x0800038c   0x0800038c   0x00000034   Code   RO         2790    .text               c_w.l(noretval__2snprintf.o)
    0x080003c0   0x080003c0   0x0000004e   Code   RO         2794    .text               c_w.l(_printf_pad.o)
    0x0800040e   0x0800040e   0x00000052   Code   RO         2796    .text               c_w.l(_printf_str.o)
    0x08000460   0x08000460   0x00000078   Code   RO         2798    .text               c_w.l(_printf_dec.o)
    0x080004d8   0x080004d8   0x00000058   Code   RO         2803    .text               c_w.l(_printf_hex_int.o)
    0x08000530   0x08000530   0x00000188   Code   RO         2838    .text               c_w.l(__printf_flags_ss_wp.o)
    0x080006b8   0x080006b8   0x0000001a   Code   RO         2847    .text               c_w.l(atoi.o)
    0x080006d2   0x080006d2   0x00000072   Code   RO         2849    .text               c_w.l(strtoul.o)
    0x08000744   0x08000744   0x0000003e   Code   RO         2851    .text               c_w.l(strlen.o)
    0x08000782   0x08000782   0x00000096   Code   RO         2853    .text               c_w.l(strncmp.o)
    0x08000818   0x08000818   0x0000004e   Code   RO         2855    .text               c_w.l(rt_memclr_w.o)
    0x08000866   0x08000866   0x00000006   Code   RO         2857    .text               c_w.l(heapauxi.o)
    0x0800086c   0x0800086c   0x00000010   Code   RO         2862    .text               c_w.l(rt_ctype_table.o)
    0x0800087c   0x0800087c   0x00000008   Code   RO         2871    .text               c_w.l(rt_errno_addr_intlibspace.o)
    0x08000884   0x08000884   0x000000b2   Code   RO         2873    .text               c_w.l(_printf_intcommon.o)
    0x08000936   0x08000936   0x00000002   PAD
    0x08000938   0x08000938   0x00000030   Code   RO         2875    .text               c_w.l(_printf_char_common.o)
    0x08000968   0x08000968   0x0000000a   Code   RO         2877    .text               c_w.l(_sputc.o)
    0x08000972   0x08000972   0x00000010   Code   RO         2879    .text               c_w.l(_snputc.o)
    0x08000982   0x08000982   0x0000002c   Code   RO         2881    .text               c_w.l(_printf_char.o)
    0x080009ae   0x080009ae   0x0000009e   Code   RO         2884    .text               c_w.l(_strtoul.o)
    0x08000a4c   0x08000a4c   0x00000070   Code   RO         2886    .text               c_w.l(strtol.o)
    0x08000abc   0x08000abc   0x00000008   Code   RO         2888    .text               c_w.l(libspace.o)
    0x08000ac4   0x08000ac4   0x00000008   Code   RO         2911    .text               c_w.l(rt_locale_intlibspace.o)
    0x08000acc   0x08000acc   0x0000001c   Code   RO         2915    .text               c_w.l(_chval.o)
    0x08000ae8   0x08000ae8   0x0000004a   Code   RO         2920    .text               c_w.l(sys_stackheap_outer.o)
    0x08000b32   0x08000b32   0x00000012   Code   RO         2922    .text               c_w.l(exit.o)
    0x08000b44   0x08000b44   0x00000080   Code   RO         2928    .text               c_w.l(strcmpv7m.o)
    0x08000bc4   0x08000bc4   0x0000000c   Code   RO         2993    .text               c_w.l(sys_exit.o)
    0x08000bd0   0x08000bd0   0x00000002   Code   RO         3014    .text               c_w.l(use_no_semi.o)
    0x08000bd2   0x08000bd2   0x00000000   Code   RO         3016    .text               c_w.l(indicate_semi.o)
    0x08000bd2   0x08000bd2   0x00000002   PAD
    0x08000bd4   0x08000bd4   0x000000a4   Code   RO          320    i.Bootloader_ClearRollbackFlag  bootloader.o
    0x08000c78   0x08000c78   0x000000bc   Code   RO          321    i.Bootloader_EraseApp  bootloader.o
    0x08000d34   0x08000d34   0x00000020   Code   RO          322    i.Bootloader_GetActivePartition  bootloader.o
    0x08000d54   0x08000d54   0x0000001c   Code   RO          324    i.Bootloader_GetTargetPartition  bootloader.o
    0x08000d70   0x08000d70   0x00000008   Code   RO          325    i.Bootloader_GetVersion  bootloader.o
    0x08000d78   0x08000d78   0x0000017c   Code   RO          326    i.Bootloader_HandleData  bootloader.o
    0x08000ef4   0x08000ef4   0x000004bc   Code   RO          327    i.Bootloader_HandleEnd  bootloader.o
    0x080013b0   0x080013b0   0x000000ec   Code   RO          328    i.Bootloader_HandleStart  bootloader.o
    0x0800149c   0x0800149c   0x00000114   Code   RO          329    i.Bootloader_HandleStatus  bootloader.o
    0x080015b0   0x080015b0   0x00000074   Code   RO          330    i.Bootloader_Init   bootloader.o
    0x08001624   0x08001624   0x000000fc   Code   RO          331    i.Bootloader_JumpToApp  bootloader.o
    0x08001720   0x08001720   0x0000004c   Code   RO          332    i.Bootloader_LED_Set  bootloader.o
    0x0800176c   0x0800176c   0x00000088   Code   RO          333    i.Bootloader_LogError  bootloader.o
    0x080017f4   0x080017f4   0x00000384   Code   RO          334    i.Bootloader_ProcessCommand  bootloader.o
    0x08001b78   0x08001b78   0x00000104   Code   RO          335    i.Bootloader_Run    bootloader.o
    0x08001c7c   0x08001c7c   0x00000040   Code   RO          336    i.Bootloader_SendProgress  bootloader.o
    0x08001cbc   0x08001cbc   0x0000002c   Code   RO          337    i.Bootloader_SendResponse  bootloader.o
    0x08001ce8   0x08001ce8   0x00000024   Code   RO          338    i.Bootloader_SetMagic  bootloader.o
    0x08001d0c   0x08001d0c   0x000000b8   Code   RO          339    i.Bootloader_SetRollbackFlag  bootloader.o
    0x08001dc4   0x08001dc4   0x000002a4   Code   RO          340    i.Bootloader_ShouldEnter  bootloader.o
    0x08002068   0x08002068   0x0000001c   Code   RO          341    i.Bootloader_ShouldRollback  bootloader.o
    0x08002084   0x08002084   0x000000ec   Code   RO          342    i.Bootloader_SwitchPartition  bootloader.o
    0x08002170   0x08002170   0x0000014c   Code   RO          343    i.Bootloader_VerifyCRC  bootloader.o
    0x080022bc   0x080022bc   0x00000220   Code   RO          344    i.Bootloader_WriteFirmware  bootloader.o
    0x080024dc   0x080024dc   0x00000002   Code   RO          172    i.BusFault_Handler  stm32f4xx_it.o
    0x080024de   0x080024de   0x00000002   Code   RO          173    i.DebugMon_Handler  stm32f4xx_it.o
    0x080024e0   0x080024e0   0x0000000c   Code   RO          517    i.Display_OTA_Init  display_ota.o
    0x080024ec   0x080024ec   0x000000e0   Code   RO          518    i.Display_OTA_SetProgress  display_ota.o
    0x080025cc   0x080025cc   0x00000060   Code   RO          519    i.Display_OTA_SetSize  display_ota.o
    0x0800262c   0x0800262c   0x000000bc   Code   RO          521    i.Display_OTA_SetState  display_ota.o
    0x080026e8   0x080026e8   0x00000120   Code   RO          524    i.Display_OTA_ShowMain  display_ota.o
    0x08002808   0x08002808   0x00000050   Code   RO         1367    i.FLASH_Erase_Sector  stm32f4xx_hal_flash_ex.o
    0x08002858   0x08002858   0x00000054   Code   RO         1368    i.FLASH_FlushCaches  stm32f4xx_hal_flash_ex.o
    0x080028ac   0x080028ac   0x00000028   Code   RO         1369    i.FLASH_MassErase   stm32f4xx_hal_flash_ex.o
    0x080028d4   0x080028d4   0x00000020   Code   RO         1249    i.FLASH_Program_Byte  stm32f4xx_hal_flash.o
    0x080028f4   0x080028f4   0x0000002c   Code   RO         1250    i.FLASH_Program_DoubleWord  stm32f4xx_hal_flash.o
    0x08002920   0x08002920   0x00000024   Code   RO         1251    i.FLASH_Program_HalfWord  stm32f4xx_hal_flash.o
    0x08002944   0x08002944   0x00000024   Code   RO         1252    i.FLASH_Program_Word  stm32f4xx_hal_flash.o
    0x08002968   0x08002968   0x00000068   Code   RO         1253    i.FLASH_SetErrorCode  stm32f4xx_hal_flash.o
    0x080029d0   0x080029d0   0x00000050   Code   RO         1254    i.FLASH_WaitForLastOperation  stm32f4xx_hal_flash.o
    0x08002a20   0x08002a20   0x00000092   Code   RO         1555    i.HAL_DMA_Abort     stm32f4xx_hal_dma.o
    0x08002ab2   0x08002ab2   0x00000024   Code   RO         1556    i.HAL_DMA_Abort_IT  stm32f4xx_hal_dma.o
    0x08002ad6   0x08002ad6   0x00000006   Code   RO         1559    i.HAL_DMA_GetState  stm32f4xx_hal_dma.o
    0x08002adc   0x08002adc   0x00000024   Code   RO         1992    i.HAL_Delay         stm32f4xx_hal.o
    0x08002b00   0x08002b00   0x00000098   Code   RO         1370    i.HAL_FLASHEx_Erase  stm32f4xx_hal_flash_ex.o
    0x08002b98   0x08002b98   0x00000014   Code   RO         1258    i.HAL_FLASH_Lock    stm32f4xx_hal_flash.o
    0x08002bac   0x08002bac   0x0000007c   Code   RO         1263    i.HAL_FLASH_Program  stm32f4xx_hal_flash.o
    0x08002c28   0x08002c28   0x0000002c   Code   RO         1265    i.HAL_FLASH_Unlock  stm32f4xx_hal_flash.o
    0x08002c54   0x08002c54   0x00000168   Code   RO         1445    i.HAL_GPIO_DeInit   stm32f4xx_hal_gpio.o
    0x08002dbc   0x08002dbc   0x000001f0   Code   RO         1448    i.HAL_GPIO_Init     stm32f4xx_hal_gpio.o
    0x08002fac   0x08002fac   0x0000000a   Code   RO         1450    i.HAL_GPIO_ReadPin  stm32f4xx_hal_gpio.o
    0x08002fb6   0x08002fb6   0x00000010   Code   RO         1451    i.HAL_GPIO_TogglePin  stm32f4xx_hal_gpio.o
    0x08002fc6   0x08002fc6   0x0000000a   Code   RO         1452    i.HAL_GPIO_WritePin  stm32f4xx_hal_gpio.o
    0x08002fd0   0x08002fd0   0x0000000c   Code   RO         1998    i.HAL_GetTick       stm32f4xx_hal.o
    0x08002fdc   0x08002fdc   0x00000002   Code   RO          638    i.HAL_I2C_AbortCpltCallback  stm32f4xx_hal_i2c.o
    0x08002fde   0x08002fde   0x00000002   Code   RO          639    i.HAL_I2C_AddrCallback  stm32f4xx_hal_i2c.o
    0x08002fe0   0x08002fe0   0x00000032   Code   RO          640    i.HAL_I2C_DeInit    stm32f4xx_hal_i2c.o
    0x08003012   0x08003012   0x000000ba   Code   RO          642    i.HAL_I2C_ER_IRQHandler  stm32f4xx_hal_i2c.o
    0x080030cc   0x080030cc   0x00000230   Code   RO          643    i.HAL_I2C_EV_IRQHandler  stm32f4xx_hal_i2c.o
    0x080032fc   0x080032fc   0x00000002   Code   RO          645    i.HAL_I2C_ErrorCallback  stm32f4xx_hal_i2c.o
    0x080032fe   0x080032fe   0x00000002   PAD
    0x08003300   0x08003300   0x00000188   Code   RO          649    i.HAL_I2C_Init      stm32f4xx_hal_i2c.o
    0x08003488   0x08003488   0x00000002   Code   RO          651    i.HAL_I2C_ListenCpltCallback  stm32f4xx_hal_i2c.o
    0x0800348a   0x0800348a   0x00000002   Code   RO          652    i.HAL_I2C_MasterRxCpltCallback  stm32f4xx_hal_i2c.o
    0x0800348c   0x0800348c   0x00000002   Code   RO          653    i.HAL_I2C_MasterTxCpltCallback  stm32f4xx_hal_i2c.o
    0x0800348e   0x0800348e   0x00000002   PAD
    0x08003490   0x08003490   0x0000012c   Code   RO          662    i.HAL_I2C_Master_Transmit  stm32f4xx_hal_i2c.o
    0x080035bc   0x080035bc   0x00000002   Code   RO          665    i.HAL_I2C_MemRxCpltCallback  stm32f4xx_hal_i2c.o
    0x080035be   0x080035be   0x00000002   Code   RO          666    i.HAL_I2C_MemTxCpltCallback  stm32f4xx_hal_i2c.o
    0x080035c0   0x080035c0   0x00000044   Code   RO          270    i.HAL_I2C_MspDeInit  stm32f4xx_hal_msp.o
    0x08003604   0x08003604   0x00000088   Code   RO          271    i.HAL_I2C_MspInit   stm32f4xx_hal_msp.o
    0x0800368c   0x0800368c   0x00000002   Code   RO          675    i.HAL_I2C_SlaveRxCpltCallback  stm32f4xx_hal_i2c.o
    0x0800368e   0x0800368e   0x00000002   Code   RO          676    i.HAL_I2C_SlaveTxCpltCallback  stm32f4xx_hal_i2c.o
    0x08003690   0x08003690   0x00000010   Code   RO         2004    i.HAL_IncTick       stm32f4xx_hal.o
    0x080036a0   0x080036a0   0x00000034   Code   RO         2005    i.HAL_Init          stm32f4xx_hal.o
    0x080036d4   0x080036d4   0x00000040   Code   RO         2006    i.HAL_InitTick      stm32f4xx_hal.o
    0x08003714   0x08003714   0x00000030   Code   RO          272    i.HAL_MspInit       stm32f4xx_hal_msp.o
    0x08003744   0x08003744   0x00000022   Code   RO         1839    i.HAL_NVIC_DisableIRQ  stm32f4xx_hal_cortex.o
    0x08003766   0x08003766   0x0000001a   Code   RO         1840    i.HAL_NVIC_EnableIRQ  stm32f4xx_hal_cortex.o
    0x08003780   0x08003780   0x00000040   Code   RO         1846    i.HAL_NVIC_SetPriority  stm32f4xx_hal_cortex.o
    0x080037c0   0x080037c0   0x00000024   Code   RO         1847    i.HAL_NVIC_SetPriorityGrouping  stm32f4xx_hal_cortex.o
    0x080037e4   0x080037e4   0x00000134   Code   RO         1094    i.HAL_RCC_ClockConfig  stm32f4xx_hal_rcc.o
    0x08003918   0x08003918   0x00000020   Code   RO         1101    i.HAL_RCC_GetPCLK1Freq  stm32f4xx_hal_rcc.o
    0x08003938   0x08003938   0x00000020   Code   RO         1102    i.HAL_RCC_GetPCLK2Freq  stm32f4xx_hal_rcc.o
    0x08003958   0x08003958   0x00000060   Code   RO         1103    i.HAL_RCC_GetSysClockFreq  stm32f4xx_hal_rcc.o
    0x080039b8   0x080039b8   0x0000036c   Code   RO         1106    i.HAL_RCC_OscConfig  stm32f4xx_hal_rcc.o
    0x08003d24   0x08003d24   0x00000028   Code   RO         1851    i.HAL_SYSTICK_Config  stm32f4xx_hal_cortex.o
    0x08003d4c   0x08003d4c   0x00000002   Code   RO         2255    i.HAL_UARTEx_RxEventCallback  stm32f4xx_hal_uart.o
    0x08003d4e   0x08003d4e   0x00000036   Code   RO         2268    i.HAL_UART_DeInit   stm32f4xx_hal_uart.o
    0x08003d84   0x08003d84   0x00000002   Code   RO         2269    i.HAL_UART_ErrorCallback  stm32f4xx_hal_uart.o
    0x08003d86   0x08003d86   0x00000002   PAD
    0x08003d88   0x08003d88   0x00000280   Code   RO         2272    i.HAL_UART_IRQHandler  stm32f4xx_hal_uart.o
    0x08004008   0x08004008   0x00000064   Code   RO         2273    i.HAL_UART_Init     stm32f4xx_hal_uart.o
    0x0800406c   0x0800406c   0x00000038   Code   RO          273    i.HAL_UART_MspDeInit  stm32f4xx_hal_msp.o
    0x080040a4   0x080040a4   0x0000007c   Code   RO          274    i.HAL_UART_MspInit  stm32f4xx_hal_msp.o
    0x08004120   0x08004120   0x0000001c   Code   RO         2278    i.HAL_UART_Receive_IT  stm32f4xx_hal_uart.o
    0x0800413c   0x0800413c   0x00000044   Code   RO          345    i.HAL_UART_RxCpltCallback  bootloader.o
    0x08004180   0x08004180   0x000000a0   Code   RO         2281    i.HAL_UART_Transmit  stm32f4xx_hal_uart.o
    0x08004220   0x08004220   0x00000002   Code   RO         2284    i.HAL_UART_TxCpltCallback  stm32f4xx_hal_uart.o
    0x08004222   0x08004222   0x00000002   Code   RO          174    i.HardFault_Handler  stm32f4xx_it.o
    0x08004224   0x08004224   0x0000000c   Code   RO          175    i.I2C1_ER_IRQHandler  stm32f4xx_it.o
    0x08004230   0x08004230   0x0000000c   Code   RO          176    i.I2C1_EV_IRQHandler  stm32f4xx_it.o
    0x0800423c   0x0800423c   0x000000bc   Code   RO          687    i.I2C_DMAAbort      stm32f4xx_hal_i2c.o
    0x080042f8   0x080042f8   0x00000010   Code   RO          690    i.I2C_Flush_DR      stm32f4xx_hal_i2c.o
    0x08004308   0x08004308   0x00000158   Code   RO          691    i.I2C_ITError       stm32f4xx_hal_i2c.o
    0x08004460   0x08004460   0x0000002e   Code   RO          692    i.I2C_IsAcknowledgeFailed  stm32f4xx_hal_i2c.o
    0x0800448e   0x0800448e   0x000000da   Code   RO          693    i.I2C_MasterReceive_BTF  stm32f4xx_hal_i2c.o
    0x08004568   0x08004568   0x000000f4   Code   RO          694    i.I2C_MasterReceive_RXNE  stm32f4xx_hal_i2c.o
    0x0800465c   0x0800465c   0x0000009c   Code   RO          696    i.I2C_MasterRequestWrite  stm32f4xx_hal_i2c.o
    0x080046f8   0x080046f8   0x00000082   Code   RO          697    i.I2C_MasterTransmit_BTF  stm32f4xx_hal_i2c.o
    0x0800477a   0x0800477a   0x00000002   PAD
    0x0800477c   0x0800477c   0x000000b6   Code   RO          698    i.I2C_MasterTransmit_TXE  stm32f4xx_hal_i2c.o
    0x08004832   0x08004832   0x00000002   PAD
    0x08004834   0x08004834   0x00000118   Code   RO          699    i.I2C_Master_ADDR   stm32f4xx_hal_i2c.o
    0x0800494c   0x0800494c   0x0000008c   Code   RO          700    i.I2C_Master_SB     stm32f4xx_hal_i2c.o
    0x080049d8   0x080049d8   0x000000a8   Code   RO          701    i.I2C_MemoryTransmit_TXE_BTF  stm32f4xx_hal_i2c.o
    0x08004a80   0x08004a80   0x00000046   Code   RO          704    i.I2C_Slave_ADDR    stm32f4xx_hal_i2c.o
    0x08004ac6   0x08004ac6   0x00000002   PAD
    0x08004ac8   0x08004ac8   0x00000090   Code   RO          705    i.I2C_Slave_AF      stm32f4xx_hal_i2c.o
    0x08004b58   0x08004b58   0x0000015c   Code   RO          706    i.I2C_Slave_STOPF   stm32f4xx_hal_i2c.o
    0x08004cb4   0x08004cb4   0x00000056   Code   RO          707    i.I2C_WaitOnBTFFlagUntilTimeout  stm32f4xx_hal_i2c.o
    0x08004d0a   0x08004d0a   0x00000002   PAD
    0x08004d0c   0x08004d0c   0x00000090   Code   RO          708    i.I2C_WaitOnFlagUntilTimeout  stm32f4xx_hal_i2c.o
    0x08004d9c   0x08004d9c   0x000000bc   Code   RO          709    i.I2C_WaitOnMasterAddressFlagUntilTimeout  stm32f4xx_hal_i2c.o
    0x08004e58   0x08004e58   0x00000056   Code   RO          711    i.I2C_WaitOnTXEFlagUntilTimeout  stm32f4xx_hal_i2c.o
    0x08004eae   0x08004eae   0x00000002   PAD
    0x08004eb0   0x08004eb0   0x0000006c   Code   RO           14    i.MX_GPIO_Init      main.o
    0x08004f1c   0x08004f1c   0x00000002   Code   RO          177    i.MemManage_Handler  stm32f4xx_it.o
    0x08004f1e   0x08004f1e   0x00000002   Code   RO          178    i.NMI_Handler       stm32f4xx_it.o
    0x08004f20   0x08004f20   0x00000028   Code   RO         2606    i.OLED_Clear        oled.o
    0x08004f48   0x08004f48   0x0000009c   Code   RO         2613    i.OLED_DrawLine     oled.o
    0x08004fe4   0x08004fe4   0x0000002c   Code   RO         2614    i.OLED_DrawPoint    oled.o
    0x08005010   0x08005010   0x000000f0   Code   RO         2616    i.OLED_Init         oled.o
    0x08005100   0x08005100   0x00000068   Code   RO         2618    i.OLED_Refresh      oled.o
    0x08005168   0x08005168   0x000000e4   Code   RO         2620    i.OLED_ShowChar     oled.o
    0x0800524c   0x0800524c   0x00000042   Code   RO         2624    i.OLED_ShowString   oled.o
    0x0800528e   0x0800528e   0x00000002   PAD
    0x08005290   0x08005290   0x00000024   Code   RO         2625    i.OLED_WR_Byte      oled.o
    0x080052b4   0x080052b4   0x00000002   Code   RO          179    i.PendSV_Handler    stm32f4xx_it.o
    0x080052b6   0x080052b6   0x00000002   PAD
    0x080052b8   0x080052b8   0x00000390   Code   RO          591    i.RunBootloaderTests  test_bootloader_mcu.o
    0x08005648   0x08005648   0x00000002   Code   RO          180    i.SVC_Handler       stm32f4xx_it.o
    0x0800564a   0x0800564a   0x00000004   Code   RO          181    i.SysTick_Handler   stm32f4xx_it.o
    0x0800564e   0x0800564e   0x00000002   PAD
    0x08005650   0x08005650   0x00000098   Code   RO           15    i.SystemClock_Config  main.o
    0x080056e8   0x080056e8   0x00000010   Code   RO         2750    i.SystemInit        system_stm32f4xx.o
    0x080056f8   0x080056f8   0x0000000e   Code   RO         2286    i.UART_DMAAbortOnError  stm32f4xx_hal_uart.o
    0x08005706   0x08005706   0x0000004e   Code   RO         2296    i.UART_EndRxTransfer  stm32f4xx_hal_uart.o
    0x08005754   0x08005754   0x000000c2   Code   RO         2298    i.UART_Receive_IT   stm32f4xx_hal_uart.o
    0x08005816   0x08005816   0x00000002   PAD
    0x08005818   0x08005818   0x0000010c   Code   RO         2299    i.UART_SetConfig    stm32f4xx_hal_uart.o
    0x08005924   0x08005924   0x00000036   Code   RO         2301    i.UART_Start_Receive_IT  stm32f4xx_hal_uart.o
    0x0800595a   0x0800595a   0x00000072   Code   RO         2302    i.UART_WaitOnFlagUntilTimeout  stm32f4xx_hal_uart.o
    0x080059cc   0x080059cc   0x0000000c   Code   RO          182    i.USART1_IRQHandler  stm32f4xx_it.o
    0x080059d8   0x080059d8   0x00000002   Code   RO          183    i.UsageFault_Handler  stm32f4xx_it.o
    0x080059da   0x080059da   0x00000020   Code   RO         1853    i.__NVIC_SetPriority  stm32f4xx_hal_cortex.o
    0x080059fa   0x080059fa   0x0000000e   Code   RO         2831    i._is_digit         c_w.l(__printf_wp.o)
    0x08005a08   0x08005a08   0x00000394   Code   RO           16    i.main              main.o
    0x08005d9c   0x08005d9c   0x00000038   Code   RO          592    i.test_fail         test_bootloader_mcu.o
    0x08005dd4   0x08005dd4   0x00000028   Code   RO          593    i.test_pass         test_bootloader_mcu.o
    0x08005dfc   0x08005dfc   0x0000004c   Code   RO          594    i.test_print        test_bootloader_mcu.o
    0x08005e48   0x08005e48   0x0000008c   Code   RO          595    i.test_target_is_other  test_bootloader_mcu.o
    0x08005ed4   0x08005ed4   0x0000002c   Code   RO         2918    locale$$code        c_w.l(lc_ctype_c.o)
    0x08005f00   0x08005f00   0x0000000a   Code   RO         2991    x$fpl$fpinit        fz_wm.l(fpinit.o)
    0x08005f0a   0x08005f0a   0x00000002   PAD
    0x08005f0c   0x08005f0c   0x0000000c   Data   RO          347    .constdata          bootloader.o
    0x08005f18   0x08005f18   0x00001e10   Data   RO         2627    .constdata          oled.o
    0x08007d28   0x08007d28   0x00000010   Data   RO         2751    .constdata          system_stm32f4xx.o
    0x08007d38   0x08007d38   0x00000008   Data   RO         2752    .constdata          system_stm32f4xx.o
    0x08007d40   0x08007d40   0x00000028   Data   RO         2804    .constdata          c_w.l(_printf_hex_int.o)
    0x08007d68   0x08007d68   0x00000011   Data   RO         2839    .constdata          c_w.l(__printf_flags_ss_wp.o)
    0x08007d79   0x08007d79   0x00000003   PAD
    0x08007d7c   0x08007d7c   0x00000051   Data   RO          348    .conststring        bootloader.o
    0x08007dcd   0x08007dcd   0x00000003   PAD
    0x08007dd0   0x08007dd0   0x00000020   Data   RO         3060    Region$$Table       anon$$obj.o
    0x08007df0   0x08007df0   0x00000110   Data   RO         2917    locale$$data        c_w.l(lc_ctype_c.o)


    Execution Region RW_IRAM1 (Exec base: 0x20000000, Load base: 0x08007f00, Size: 0x00002c70, Max: 0x0001c000, ABSOLUTE)

    Exec Addr    Load Addr    Size         Type   Attr      Idx    E Section Name        Object

    0x20000000   0x08007f00   0x00000008   Data   RW          349    .data               bootloader.o
    0x20000008   0x08007f08   0x00000002   Data   RW          526    .data               display_ota.o
    0x2000000a   0x08007f0a   0x00000002   PAD
    0x2000000c   0x08007f0c   0x00000008   Data   RW          596    .data               test_bootloader_mcu.o
    0x20000014   0x08007f14   0x00000020   Data   RW         1266    .data               stm32f4xx_hal_flash.o
    0x20000034   0x08007f34   0x0000000c   Data   RW         2012    .data               stm32f4xx_hal.o
    0x20000040   0x08007f40   0x00000004   Data   RW         2753    .data               system_stm32f4xx.o
    0x20000044        -       0x0000009c   Zero   RW           17    .bss                main.o
    0x200000e0        -       0x0000210c   Zero   RW          346    .bss                bootloader.o
    0x200021ec        -       0x00000020   Zero   RW          525    .bss                display_ota.o
    0x2000220c        -       0x00000400   Zero   RW         2626    .bss                oled.o
    0x2000260c        -       0x00000060   Zero   RW         2889    .bss                c_w.l(libspace.o)
    0x2000266c   0x08007f44   0x00000004   PAD
    0x20002670        -       0x00000200   Zero   RW            2    HEAP                startup_stm32f407xx.o
    0x20002870        -       0x00000400   Zero   RW            1    STACK               startup_stm32f407xx.o


    Execution Region RW_IRAM2 (Exec base: 0x2001c000, Load base: 0x08007f44, Size: 0x00000000, Max: 0x00004000, ABSOLUTE)

    **** No section assigned to this execution region ****


==============================================================================

Image component sizes


      Code (inc. data)   RO Data    RW Data    ZI Data      Debug   Object Name

      6476       2654         93          8       8460      26740   bootloader.o
       808        270          0          2         32       4033   display_ota.o
      1176        452          0          0        156     708918   main.o
       914         38       7696          0       1024       7413   oled.o
        64         26        392          0       1536        820   startup_stm32f407xx.o
       180         28          0         12          0       9229   stm32f4xx_hal.o
       232         14          0          0          0      34353   stm32f4xx_hal_cortex.o
       188          0          0          0          0       2594   stm32f4xx_hal_dma.o
       520         66          0         32          0       6346   stm32f4xx_hal_flash.o
       356         24          0          0          0       3882   stm32f4xx_hal_flash_ex.o
       892         86          0          0          0       4298   stm32f4xx_hal_gpio.o
      4686         72          0          0          0      29572   stm32f4xx_hal_i2c.o
       432         58          0          0          0       3404   stm32f4xx_hal_msp.o
      1344         72          0          0          0       5116   stm32f4xx_hal_rcc.o
      1710         14          0          0          0      11782   stm32f4xx_hal_uart.o
        56         18          0          0          0       5296   stm32f4xx_it.o
        16          4         24          4          0       1055   system_stm32f4xx.o
      1224        594          0          8          0       4578   test_bootloader_mcu.o

    ----------------------------------------------------------------------
     21298       4490       8240         68      11208     869429   Object Totals
         0          0         32          0          0          0   (incl. Generated)
        24          0          3          2          0          0   (incl. Padding)

    ----------------------------------------------------------------------

      Code (inc. data)   RO Data    RW Data    ZI Data      Debug   Library Member Name

         8          0          0          0          0         68   __main.o
       392          4         17          0          0         92   __printf_flags_ss_wp.o
        14          0          0          0          0         68   __printf_wp.o
         0          0          0          0          0          0   __rtentry.o
        12          0          0          0          0          0   __rtentry2.o
         6          0          0          0          0          0   __rtentry4.o
        52          8          0          0          0          0   __scatter.o
        26          0          0          0          0          0   __scatter_copy.o
        28          0          0          0          0          0   __scatter_zi.o
        28          0          0          0          0         68   _chval.o
         6          0          0          0          0          0   _printf_c.o
        44          0          0          0          0        108   _printf_char.o
        48          6          0          0          0         96   _printf_char_common.o
         6          0          0          0          0          0   _printf_d.o
       120         16          0          0          0         92   _printf_dec.o
        88          4         40          0          0         88   _printf_hex_int.o
       178          0          0          0          0         88   _printf_intcommon.o
        78          0          0          0          0        108   _printf_pad.o
         0          0          0          0          0          0   _printf_percent.o
         4          0          0          0          0          0   _printf_percent_end.o
         6          0          0          0          0          0   _printf_s.o
        82          0          0          0          0         80   _printf_str.o
         6          0          0          0          0          0   _printf_u.o
         6          0          0          0          0          0   _printf_x.o
        16          0          0          0          0         68   _snputc.o
        10          0          0          0          0         68   _sputc.o
       158          0          0          0          0         92   _strtoul.o
        26          0          0          0          0         80   atoi.o
        18          0          0          0          0         80   exit.o
         6          0          0          0          0        152   heapauxi.o
         0          0          0          0          0          0   indicate_semi.o
        44         10        272          0          0         76   lc_ctype_c.o
         2          0          0          0          0          0   libinit.o
        24          0          0          0          0          0   libinit2.o
         2          0          0          0          0          0   libshutdown.o
         2          0          0          0          0          0   libshutdown2.o
         8          4          0          0         96         68   libspace.o
       238          0          0          0          0        100   lludivv7m.o
        52          4          0          0          0         84   noretval__2snprintf.o
        16          4          0          0          0         76   rt_ctype_table.o
         8          4          0          0          0         68   rt_errno_addr_intlibspace.o
         8          4          0          0          0         68   rt_locale_intlibspace.o
        78          0          0          0          0         80   rt_memclr_w.o
         2          0          0          0          0          0   rtexit.o
        10          0          0          0          0          0   rtexit2.o
       128          0          0          0          0         68   strcmpv7m.o
        62          0          0          0          0         76   strlen.o
       150          0          0          0          0         80   strncmp.o
       112          0          0          0          0         88   strtol.o
       114          0          0          0          0         92   strtoul.o
        12          4          0          0          0         68   sys_exit.o
        74          0          0          0          0         80   sys_stackheap_outer.o
         2          0          0          0          0         68   use_no_semi.o
        10          0          0          0          0        116   fpinit.o

    ----------------------------------------------------------------------
      2642         72        332          0        100       2852   Library Totals
        12          0          3          0          4          0   (incl. Padding)

    ----------------------------------------------------------------------

      Code (inc. data)   RO Data    RW Data    ZI Data      Debug   Library Name

      2620         72        329          0         96       2736   c_w.l
        10          0          0          0          0        116   fz_wm.l

    ----------------------------------------------------------------------
      2642         72        332          0        100       2852   Library Totals

    ----------------------------------------------------------------------

==============================================================================


      Code (inc. data)   RO Data    RW Data    ZI Data      Debug   

     23940       4562       8572         68      11308     856773   Grand Totals
     23940       4562       8572         68      11308     856773   ELF Image Totals
     23940       4562       8572         68          0          0   ROM Totals

==============================================================================

    Total RO  Size (Code + RO Data)                32512 (  31.75kB)
    Total RW  Size (RW Data + ZI Data)             11376 (  11.11kB)
    Total ROM Size (Code + RO Data + RW Data)      32580 (  31.82kB)

==============================================================================

